Archive member included because of file (symbol)

c:/yagarto/bin/../lib/gcc/arm-elf/4.3.2\libgcc.a(_udivsi3.o)
                              obj/xcode-im_rprintf.o (__udivsi3)
c:/yagarto/bin/../lib/gcc/arm-elf/4.3.2\libgcc.a(_umodsi3.o)
                              obj/xcode-im_rprintf.o (__umodsi3)
c:/yagarto/bin/../lib/gcc/arm-elf/4.3.2\libgcc.a(_dvmd_tls.o)
                              c:/yagarto/bin/../lib/gcc/arm-elf/4.3.2\libgcc.a(_udivsi3.o) (__div0)
c:/yagarto/bin/../lib/gcc/arm-elf/4.3.2/../../../../arm-elf/lib\libg.a(lib_a-strlen.o)
                              obj/xcode-im_rprintf.o (strlen)
c:/yagarto/bin/../lib/gcc/arm-elf/4.3.2/../../../../arm-elf/lib\libg.a(lib_a-strnlen.o)
                              obj/xcode-im_rprintf.o (strnlen)

Allocating common symbols
Common symbol       size              file

timeval             0x4               obj/xcode-im_time.o
scrscrX2            0x2               obj/xcode-im_screen.o
fontBuf             0x230             obj/xcode-im_font.o
scrscrY2            0x2               obj/xcode-im_screen.o
scrscrY1            0x2               obj/xcode-im_screen.o
scrrot              0x2               obj/xcode-im_screen.o
scrscrX1            0x2               obj/xcode-im_screen.o
scrmirror           0x2               obj/xcode-im_screen.o

Discarded input sections

 .data          0x00000000        0x0 obj/xcode-im_board_cstartup-im.o
 .bss           0x00000000        0x0 obj/xcode-im_board_cstartup-im.o
 .imageboot     0x00000000        0x0 obj/xcode-im_board_cstartup-im.o
 .text          0x00000000        0x0 obj/xcode-im_main.o
 .data          0x00000000        0x0 obj/xcode-im_main.o
 .bss           0x00000000        0x0 obj/xcode-im_main.o
 .text          0x00000000        0x0 obj/xcode-im_fastfixmath.o
 .data          0x00000000        0x0 obj/xcode-im_fastfixmath.o
 .bss           0x00000000        0x0 obj/xcode-im_fastfixmath.o
 .rodata        0x00000000        0x0 obj/xcode-im_fastfixmath.o
 .text.ffm_mult
                0x00000000        0x0 obj/xcode-im_fastfixmath.o
 .text.ffm_sin  0x00000000        0x0 obj/xcode-im_fastfixmath.o
 .text          0x00000000        0x0 obj/xcode-im_board_lowlevel.o
 .data          0x00000000        0x0 obj/xcode-im_board_lowlevel.o
 .bss           0x00000000        0x0 obj/xcode-im_board_lowlevel.o
 .text.BOARD_RemapRam
                0x00000000        0x0 obj/xcode-im_board_lowlevel.o
 .text.LowLevelInit
                0x00000000        0x0 obj/xcode-im_board_lowlevel.o
 .text.pioInit  0x00000000        0x0 obj/xcode-im_board_lowlevel.o
 .text          0x00000000        0x0 obj/xcode-im_pmc.o
 .data          0x00000000        0x0 obj/xcode-im_pmc.o
 .bss           0x00000000        0x0 obj/xcode-im_pmc.o
 .text.PMC_DisableProcessorClock
                0x00000000        0x0 obj/xcode-im_pmc.o
 .rodata        0x00000000        0x0 obj/xcode-im_pmc.o
 .text.PMC_EnablePeripheral
                0x00000000        0x0 obj/xcode-im_pmc.o
 .text.PMC_DisablePeripheral
                0x00000000        0x0 obj/xcode-im_pmc.o
 .text.PMC_EnableAllPeripherals
                0x00000000        0x0 obj/xcode-im_pmc.o
 .text.PMC_DisableAllPeripherals
                0x00000000        0x0 obj/xcode-im_pmc.o
 .text.PMC_IsAllPeriphEnabled
                0x00000000        0x0 obj/xcode-im_pmc.o
 .text.PMC_IsPeriphEnabled
                0x00000000        0x0 obj/xcode-im_pmc.o
 .text.PMC_CPUInIdleMode
                0x00000000        0x0 obj/xcode-im_pmc.o
 .text          0x00000000        0x0 obj/xcode-im_serial.o
 .bss           0x00000000        0x0 obj/xcode-im_serial.o
 .text.dbg_usart_getchar
                0x00000000        0x0 obj/xcode-im_serial.o
 .text          0x00000000        0x0 obj/xcode-im_spi.o
 .data          0x00000000        0x0 obj/xcode-im_spi.o
 .bss           0x00000000        0x0 obj/xcode-im_spi.o
 .text.spi_init
                0x00000000        0x0 obj/xcode-im_spi.o
 .text.spi_byte
                0x00000000        0x0 obj/xcode-im_spi.o
 .text          0x00000000        0x0 obj/xcode-im_delay.o
 .data          0x00000000        0x0 obj/xcode-im_delay.o
 .bss           0x00000000        0x0 obj/xcode-im_delay.o
 .text          0x00000000        0x0 obj/xcode-im_rprintf.o
 .data          0x00000000        0x0 obj/xcode-im_rprintf.o
 .bss           0x00000000        0x0 obj/xcode-im_rprintf.o
 .text          0x00000000        0x0 obj/xcode-im_rscanf.o
 .data          0x00000000        0x0 obj/xcode-im_rscanf.o
 .bss           0x00000000        0x0 obj/xcode-im_rscanf.o
 .text.scanline
                0x00000000        0x0 obj/xcode-im_rscanf.o
 .text          0x00000000        0x0 obj/xcode-im_screen.o
 .data          0x00000000        0x0 obj/xcode-im_screen.o
 .bss           0x00000000        0x0 obj/xcode-im_screen.o
 .text.scrInit  0x00000000        0x0 obj/xcode-im_screen.o
 .text.scrWriteRect
                0x00000000        0x0 obj/xcode-im_screen.o
 .text.scrWriteBitmap
                0x00000000        0x0 obj/xcode-im_screen.o
 COMMON         0x00000000        0x0 obj/xcode-im_screen.o
 .text          0x00000000        0x0 obj/xcode-im_oled.o
 .data          0x00000000        0x0 obj/xcode-im_oled.o
 .bss           0x00000000        0x0 obj/xcode-im_oled.o
 .text.oledWriteCommand
                0x00000000        0x0 obj/xcode-im_oled.o
 .text.oledWrite
                0x00000000        0x0 obj/xcode-im_oled.o
 .text.oledInitHw
                0x00000000        0x0 obj/xcode-im_oled.o
 .text.oledScreen
                0x00000000        0x0 obj/xcode-im_oled.o
 .text          0x00000000        0x0 obj/xcode-im_font.o
 .data          0x00000000        0x0 obj/xcode-im_font.o
 .bss           0x00000000        0x0 obj/xcode-im_font.o
 .rodata        0x00000000        0x0 obj/xcode-im_font.o
 .text.fontSetCharPos
                0x00000000        0x0 obj/xcode-im_font.o
 .text.fontPutChar
                0x00000000        0x0 obj/xcode-im_font.o
 COMMON         0x00000000        0x0 obj/xcode-im_font.o
 .text          0x00000000        0x0 obj/xcode-im_i2c.o
 .data          0x00000000        0x0 obj/xcode-im_i2c.o
 .bss           0x00000000        0x0 obj/xcode-im_i2c.o
 .text.i2cMasterConf
                0x00000000        0x0 obj/xcode-im_i2c.o
 .text.i2cWriteByte
                0x00000000        0x0 obj/xcode-im_i2c.o
 .text.i2cMultipleWriteByteInit
                0x00000000        0x0 obj/xcode-im_i2c.o
 .text.i2cMultipleWriteByte
                0x00000000        0x0 obj/xcode-im_i2c.o
 .text.i2cMultipleWriteEnd
                0x00000000        0x0 obj/xcode-im_i2c.o
 .rodata        0x00000000        0x0 obj/xcode-im_i2c.o
 .text.i2cReadByte
                0x00000000        0x0 obj/xcode-im_i2c.o
 .text.i2cMultipleReadByteStart
                0x00000000        0x0 obj/xcode-im_i2c.o
 .text.i2cMultipleReadByteRead
                0x00000000        0x0 obj/xcode-im_i2c.o
 .text.i2cMultipleReadByteEnd
                0x00000000        0x0 obj/xcode-im_i2c.o
 .text          0x00000000        0x0 obj/xcode-im_abort.o
 .data          0x00000000        0x0 obj/xcode-im_abort.o
 .bss           0x00000000        0x0 obj/xcode-im_abort.o
 .text.myPAbt_HandlerR
                0x00000000        0x0 obj/xcode-im_abort.o
 .text.myDAbt_HandlerR
                0x00000000        0x0 obj/xcode-im_abort.o
 .text          0x00000000        0x0 obj/xcode-im_time.o
 .data          0x00000000        0x0 obj/xcode-im_time.o
 .bss           0x00000000        0x0 obj/xcode-im_time.o
 .data          0x00000000        0x0 c:/yagarto/bin/../lib/gcc/arm-elf/4.3.2\libgcc.a(_udivsi3.o)
 .bss           0x00000000        0x0 c:/yagarto/bin/../lib/gcc/arm-elf/4.3.2\libgcc.a(_udivsi3.o)
 .data          0x00000000        0x0 c:/yagarto/bin/../lib/gcc/arm-elf/4.3.2\libgcc.a(_umodsi3.o)
 .bss           0x00000000        0x0 c:/yagarto/bin/../lib/gcc/arm-elf/4.3.2\libgcc.a(_umodsi3.o)
 .data          0x00000000        0x0 c:/yagarto/bin/../lib/gcc/arm-elf/4.3.2\libgcc.a(_dvmd_tls.o)
 .bss           0x00000000        0x0 c:/yagarto/bin/../lib/gcc/arm-elf/4.3.2\libgcc.a(_dvmd_tls.o)
 .data          0x00000000        0x0 c:/yagarto/bin/../lib/gcc/arm-elf/4.3.2/../../../../arm-elf/lib\libg.a(lib_a-strlen.o)
 .bss           0x00000000        0x0 c:/yagarto/bin/../lib/gcc/arm-elf/4.3.2/../../../../arm-elf/lib\libg.a(lib_a-strlen.o)
 .data          0x00000000        0x0 c:/yagarto/bin/../lib/gcc/arm-elf/4.3.2/../../../../arm-elf/lib\libg.a(lib_a-strnlen.o)
 .bss           0x00000000        0x0 c:/yagarto/bin/../lib/gcc/arm-elf/4.3.2/../../../../arm-elf/lib\libg.a(lib_a-strnlen.o)

Memory Configuration

Name             Origin             Length             Attributes
sram             0x00000000         0x00008000         w !xr
xdatasram        0x10080000         0x00008000         w !xr
xcodesram        0x10000000         0x00070000         xr
*default*        0x00000000         0xffffffff

Linker script and memory map

LOAD c:/yagarto/bin/../lib/gcc/arm-elf/4.3.2/../../../../arm-elf/lib\libm.a
LOAD obj/xcode-im_board_cstartup-im.o
LOAD obj/xcode-im_main.o
LOAD obj/xcode-im_fastfixmath.o
LOAD obj/xcode-im_board_lowlevel.o
LOAD obj/xcode-im_pmc.o
LOAD obj/xcode-im_serial.o
LOAD obj/xcode-im_spi.o
LOAD obj/xcode-im_delay.o
LOAD obj/xcode-im_rprintf.o
LOAD obj/xcode-im_rscanf.o
LOAD obj/xcode-im_screen.o
LOAD obj/xcode-im_oled.o
LOAD obj/xcode-im_font.o
LOAD obj/xcode-im_i2c.o
LOAD obj/xcode-im_abort.o
LOAD obj/xcode-im_time.o
START GROUP
LOAD c:/yagarto/bin/../lib/gcc/arm-elf/4.3.2\libgcc.a
LOAD c:/yagarto/bin/../lib/gcc/arm-elf/4.3.2/../../../../arm-elf/lib\libg.a
LOAD c:/yagarto/bin/../lib/gcc/arm-elf/4.3.2/../../../../arm-elf/lib\libc.a
END GROUP

.fixed          0x10000000     0x131c
                0x10000000                . = ALIGN (0x4)
                0x10000000                _sfixed = .
 *(.imageboot)
 *(.text*)
 .text          0x10000000       0x80 obj/xcode-im_board_cstartup-im.o
                0x10000000                entry
 .text.main     0x10000080       0xf0 obj/xcode-im_main.o
                0x10000080                main
 .text.defaultSpuriousHandler
                0x10000170       0x10 obj/xcode-im_board_lowlevel.o
                0x10000170                defaultSpuriousHandler
 .text.defaultFiqHandler
                0x10000180       0x10 obj/xcode-im_board_lowlevel.o
                0x10000180                defaultFiqHandler
 .text.defaultIrqHandler
                0x10000190       0x10 obj/xcode-im_board_lowlevel.o
                0x10000190                defaultIrqHandler
 .text.initAIC  0x100001a0       0xf8 obj/xcode-im_board_lowlevel.o
                0x100001a0                initAIC
 .text.dbg_usart_init
                0x10000298       0x88 obj/xcode-im_serial.o
                0x10000298                dbg_usart_init
 .text.dbg_usart_putchar
                0x10000320       0x48 obj/xcode-im_serial.o
                0x10000320                dbg_usart_putchar
 .text.delay    0x10000368       0xa0 obj/xcode-im_delay.o
                0x10000368                delay
 .text.delayms  0x10000408       0x58 obj/xcode-im_delay.o
                0x10000408                delayms
 .text.rprintf  0x10000460      0xa30 obj/xcode-im_rprintf.o
                0x10000460                rprintf
 .text.timer_int
                0x10000e90       0xdc obj/xcode-im_time.o
                0x10000e90                timer_int
 .text.timer_init
                0x10000f6c       0xa0 obj/xcode-im_time.o
                0x10000f6c                timer_init
 .text.timer_get_timer
                0x1000100c       0x20 obj/xcode-im_time.o
                0x1000100c                timer_get_timer
 .text          0x1000102c      0x110 c:/yagarto/bin/../lib/gcc/arm-elf/4.3.2\libgcc.a(_udivsi3.o)
                0x1000102c                __udivsi3
                0x1000102c                __aeabi_uidiv
                0x10001124                __aeabi_uidivmod
 .text          0x1000113c       0xcc c:/yagarto/bin/../lib/gcc/arm-elf/4.3.2\libgcc.a(_umodsi3.o)
                0x1000113c                __umodsi3
 .text          0x10001208        0x4 c:/yagarto/bin/../lib/gcc/arm-elf/4.3.2\libgcc.a(_dvmd_tls.o)
                0x10001208                __aeabi_ldiv0
                0x10001208                __div0
                0x10001208                __aeabi_idiv0
 .text          0x1000120c       0x9c c:/yagarto/bin/../lib/gcc/arm-elf/4.3.2/../../../../arm-elf/lib\libg.a(lib_a-strlen.o)
                0x1000120c                strlen
 .text          0x100012a8       0x4c c:/yagarto/bin/../lib/gcc/arm-elf/4.3.2/../../../../arm-elf/lib\libg.a(lib_a-strnlen.o)
                0x100012a8                strnlen
 *(.rodata*)
 .rodata        0x100012f4       0x28 obj/xcode-im_main.o
                0x1000131c                . = ALIGN (0x4)
                0x1000131c                _efixed = .
                0x1000181c                _efixedr = (. + 0x500)

.glue_7         0x1000131c        0x0
 .glue_7        0x1000131c        0x0 obj/xcode-im_board_cstartup-im.o
 .glue_7        0x1000131c        0x0 obj/xcode-im_main.o
 .glue_7        0x1000131c        0x0 obj/xcode-im_fastfixmath.o
 .glue_7        0x1000131c        0x0 obj/xcode-im_board_lowlevel.o
 .glue_7        0x1000131c        0x0 obj/xcode-im_pmc.o
 .glue_7        0x1000131c        0x0 obj/xcode-im_serial.o
 .glue_7        0x1000131c        0x0 obj/xcode-im_spi.o
 .glue_7        0x1000131c        0x0 obj/xcode-im_delay.o
 .glue_7        0x1000131c        0x0 obj/xcode-im_rprintf.o
 .glue_7        0x1000131c        0x0 obj/xcode-im_rscanf.o
 .glue_7        0x1000131c        0x0 obj/xcode-im_screen.o
 .glue_7        0x1000131c        0x0 obj/xcode-im_oled.o
 .glue_7        0x1000131c        0x0 obj/xcode-im_font.o
 .glue_7        0x1000131c        0x0 obj/xcode-im_i2c.o
 .glue_7        0x1000131c        0x0 obj/xcode-im_abort.o
 .glue_7        0x1000131c        0x0 obj/xcode-im_time.o
 .glue_7        0x1000131c        0x0 c:/yagarto/bin/../lib/gcc/arm-elf/4.3.2\libgcc.a(_udivsi3.o)
 .glue_7        0x1000131c        0x0 c:/yagarto/bin/../lib/gcc/arm-elf/4.3.2\libgcc.a(_umodsi3.o)
 .glue_7        0x1000131c        0x0 c:/yagarto/bin/../lib/gcc/arm-elf/4.3.2\libgcc.a(_dvmd_tls.o)
 .glue_7        0x1000131c        0x0 c:/yagarto/bin/../lib/gcc/arm-elf/4.3.2/../../../../arm-elf/lib\libg.a(lib_a-strlen.o)
 .glue_7        0x1000131c        0x0 c:/yagarto/bin/../lib/gcc/arm-elf/4.3.2/../../../../arm-elf/lib\libg.a(lib_a-strnlen.o)

.glue_7t        0x1000131c        0x0
 .glue_7t       0x1000131c        0x0 obj/xcode-im_board_cstartup-im.o
 .glue_7t       0x1000131c        0x0 obj/xcode-im_main.o
 .glue_7t       0x1000131c        0x0 obj/xcode-im_fastfixmath.o
 .glue_7t       0x1000131c        0x0 obj/xcode-im_board_lowlevel.o
 .glue_7t       0x1000131c        0x0 obj/xcode-im_pmc.o
 .glue_7t       0x1000131c        0x0 obj/xcode-im_serial.o
 .glue_7t       0x1000131c        0x0 obj/xcode-im_spi.o
 .glue_7t       0x1000131c        0x0 obj/xcode-im_delay.o
 .glue_7t       0x1000131c        0x0 obj/xcode-im_rprintf.o
 .glue_7t       0x1000131c        0x0 obj/xcode-im_rscanf.o
 .glue_7t       0x1000131c        0x0 obj/xcode-im_screen.o
 .glue_7t       0x1000131c        0x0 obj/xcode-im_oled.o
 .glue_7t       0x1000131c        0x0 obj/xcode-im_font.o
 .glue_7t       0x1000131c        0x0 obj/xcode-im_i2c.o
 .glue_7t       0x1000131c        0x0 obj/xcode-im_abort.o
 .glue_7t       0x1000131c        0x0 obj/xcode-im_time.o
 .glue_7t       0x1000131c        0x0 c:/yagarto/bin/../lib/gcc/arm-elf/4.3.2\libgcc.a(_udivsi3.o)
 .glue_7t       0x1000131c        0x0 c:/yagarto/bin/../lib/gcc/arm-elf/4.3.2\libgcc.a(_umodsi3.o)
 .glue_7t       0x1000131c        0x0 c:/yagarto/bin/../lib/gcc/arm-elf/4.3.2\libgcc.a(_dvmd_tls.o)
 .glue_7t       0x1000131c        0x0 c:/yagarto/bin/../lib/gcc/arm-elf/4.3.2/../../../../arm-elf/lib\libg.a(lib_a-strlen.o)
 .glue_7t       0x1000131c        0x0 c:/yagarto/bin/../lib/gcc/arm-elf/4.3.2/../../../../arm-elf/lib\libg.a(lib_a-strnlen.o)

.vfp11_veneer   0x1000131c        0x0
 .vfp11_veneer  0x1000131c        0x0 obj/xcode-im_board_cstartup-im.o
 .vfp11_veneer  0x1000131c        0x0 obj/xcode-im_main.o
 .vfp11_veneer  0x1000131c        0x0 obj/xcode-im_fastfixmath.o
 .vfp11_veneer  0x1000131c        0x0 obj/xcode-im_board_lowlevel.o
 .vfp11_veneer  0x1000131c        0x0 obj/xcode-im_pmc.o
 .vfp11_veneer  0x1000131c        0x0 obj/xcode-im_serial.o
 .vfp11_veneer  0x1000131c        0x0 obj/xcode-im_spi.o
 .vfp11_veneer  0x1000131c        0x0 obj/xcode-im_delay.o
 .vfp11_veneer  0x1000131c        0x0 obj/xcode-im_rprintf.o
 .vfp11_veneer  0x1000131c        0x0 obj/xcode-im_rscanf.o
 .vfp11_veneer  0x1000131c        0x0 obj/xcode-im_screen.o
 .vfp11_veneer  0x1000131c        0x0 obj/xcode-im_oled.o
 .vfp11_veneer  0x1000131c        0x0 obj/xcode-im_font.o
 .vfp11_veneer  0x1000131c        0x0 obj/xcode-im_i2c.o
 .vfp11_veneer  0x1000131c        0x0 obj/xcode-im_abort.o
 .vfp11_veneer  0x1000131c        0x0 obj/xcode-im_time.o
 .vfp11_veneer  0x1000131c        0x0 c:/yagarto/bin/../lib/gcc/arm-elf/4.3.2\libgcc.a(_udivsi3.o)
 .vfp11_veneer  0x1000131c        0x0 c:/yagarto/bin/../lib/gcc/arm-elf/4.3.2\libgcc.a(_umodsi3.o)
 .vfp11_veneer  0x1000131c        0x0 c:/yagarto/bin/../lib/gcc/arm-elf/4.3.2\libgcc.a(_dvmd_tls.o)
 .vfp11_veneer  0x1000131c        0x0 c:/yagarto/bin/../lib/gcc/arm-elf/4.3.2/../../../../arm-elf/lib\libg.a(lib_a-strlen.o)
 .vfp11_veneer  0x1000131c        0x0 c:/yagarto/bin/../lib/gcc/arm-elf/4.3.2/../../../../arm-elf/lib\libg.a(lib_a-strnlen.o)

.relocate       0x10080000        0x8 load address 0x1000181c
                0x10080000                . = ALIGN (0x4)
                0x10080000                _srelocate = .
 *(.ramfunc)
 *(.data)
 .data          0x10080000        0x8 obj/xcode-im_serial.o
                0x10080000                pDBG_USART
                0x10080004                pDBG_PIO
                0x10080008                . = ALIGN (0x4)
                0x10080008                _erelocate = .

.irqhandlers    0x00000000       0x6c load address 0x1000131c
                0x00000000                . = ALIGN (0x4)
                0x00000000                _sirqhandlers = .
 *(.vectors)
 .vectors       0x00000000       0x6c obj/xcode-im_board_cstartup-im.o
                0x0000006c                . = ALIGN (0x4)
                0x0000006c                _eirqhandlers = .
                0x00008000                _sstack = 0x8000
                0x0000006c                end = .
OUTPUT(bin/im-rev0-btwwev-2-at91sam7se512-xcode-im.elf elf32-littlearm)

.ARM.attributes
                0x00000000       0x10
 .ARM.attributes
                0x00000000       0x10 obj/xcode-im_board_cstartup-im.o
 .ARM.attributes
                0x00000010       0x10 obj/xcode-im_main.o
 .ARM.attributes
                0x00000020       0x10 obj/xcode-im_fastfixmath.o
 .ARM.attributes
                0x00000030       0x10 obj/xcode-im_board_lowlevel.o
 .ARM.attributes
                0x00000040       0x10 obj/xcode-im_pmc.o
 .ARM.attributes
                0x00000050       0x10 obj/xcode-im_serial.o
 .ARM.attributes
                0x00000060       0x10 obj/xcode-im_spi.o
 .ARM.attributes
                0x00000070       0x10 obj/xcode-im_delay.o
 .ARM.attributes
                0x00000080       0x10 obj/xcode-im_rprintf.o
 .ARM.attributes
                0x00000090       0x10 obj/xcode-im_rscanf.o
 .ARM.attributes
                0x000000a0       0x10 obj/xcode-im_screen.o
 .ARM.attributes
                0x000000b0       0x10 obj/xcode-im_oled.o
 .ARM.attributes
                0x000000c0       0x10 obj/xcode-im_font.o
 .ARM.attributes
                0x000000d0       0x10 obj/xcode-im_i2c.o
 .ARM.attributes
                0x000000e0       0x10 obj/xcode-im_abort.o
 .ARM.attributes
                0x000000f0       0x10 obj/xcode-im_time.o
 .ARM.attributes
                0x00000100       0x10 c:/yagarto/bin/../lib/gcc/arm-elf/4.3.2\libgcc.a(_udivsi3.o)
 .ARM.attributes
                0x00000110       0x10 c:/yagarto/bin/../lib/gcc/arm-elf/4.3.2\libgcc.a(_umodsi3.o)
 .ARM.attributes
                0x00000120       0x10 c:/yagarto/bin/../lib/gcc/arm-elf/4.3.2\libgcc.a(_dvmd_tls.o)
 .ARM.attributes
                0x00000130       0x10 c:/yagarto/bin/../lib/gcc/arm-elf/4.3.2/../../../../arm-elf/lib\libg.a(lib_a-strlen.o)
 .ARM.attributes
                0x00000140       0x10 c:/yagarto/bin/../lib/gcc/arm-elf/4.3.2/../../../../arm-elf/lib\libg.a(lib_a-strnlen.o)

.debug_line     0x00000000     0x10bf
 .debug_line    0x00000000       0xa6 obj/xcode-im_board_cstartup-im.o
 .debug_line    0x000000a6       0xe8 obj/xcode-im_main.o
 .debug_line    0x0000018e       0x6a obj/xcode-im_fastfixmath.o
 .debug_line    0x000001f8      0x13b obj/xcode-im_board_lowlevel.o
 .debug_line    0x00000333      0x109 obj/xcode-im_pmc.o
 .debug_line    0x0000043c       0xb0 obj/xcode-im_serial.o
 .debug_line    0x000004ec       0xf3 obj/xcode-im_spi.o
 .debug_line    0x000005df       0x93 obj/xcode-im_delay.o
 .debug_line    0x00000672      0x14a obj/xcode-im_rprintf.o
 .debug_line    0x000007bc       0x45 obj/xcode-im_rscanf.o
 .debug_line    0x00000801      0x10a obj/xcode-im_screen.o
 .debug_line    0x0000090b      0x138 obj/xcode-im_oled.o
 .debug_line    0x00000a43       0xd7 obj/xcode-im_font.o
 .debug_line    0x00000b1a      0x16b obj/xcode-im_i2c.o
 .debug_line    0x00000c85       0x51 obj/xcode-im_abort.o
 .debug_line    0x00000cd6       0xe1 obj/xcode-im_time.o
 .debug_line    0x00000db7       0x96 c:/yagarto/bin/../lib/gcc/arm-elf/4.3.2\libgcc.a(_udivsi3.o)
 .debug_line    0x00000e4d       0x7f c:/yagarto/bin/../lib/gcc/arm-elf/4.3.2\libgcc.a(_umodsi3.o)
 .debug_line    0x00000ecc       0x6a c:/yagarto/bin/../lib/gcc/arm-elf/4.3.2\libgcc.a(_dvmd_tls.o)
 .debug_line    0x00000f36       0xc8 c:/yagarto/bin/../lib/gcc/arm-elf/4.3.2/../../../../arm-elf/lib\libg.a(lib_a-strlen.o)
 .debug_line    0x00000ffe       0xc1 c:/yagarto/bin/../lib/gcc/arm-elf/4.3.2/../../../../arm-elf/lib\libg.a(lib_a-strnlen.o)

.debug_info     0x00000000     0x3c39
 .debug_info    0x00000000       0x6d obj/xcode-im_board_cstartup-im.o
 .debug_info    0x0000006d      0x5e6 obj/xcode-im_main.o
 .debug_info    0x00000653       0xe1 obj/xcode-im_fastfixmath.o
 .debug_info    0x00000734      0x8f0 obj/xcode-im_board_lowlevel.o
 .debug_info    0x00001024      0x311 obj/xcode-im_pmc.o
 .debug_info    0x00001335      0x533 obj/xcode-im_serial.o
 .debug_info    0x00001868      0x6a9 obj/xcode-im_spi.o
 .debug_info    0x00001f11       0xc8 obj/xcode-im_delay.o
 .debug_info    0x00001fd9      0x206 obj/xcode-im_rprintf.o
 .debug_info    0x000021df       0xb0 obj/xcode-im_rscanf.o
 .debug_info    0x0000228f      0x34a obj/xcode-im_screen.o
 .debug_info    0x000025d9      0x661 obj/xcode-im_oled.o
 .debug_info    0x00002c3a      0x23a obj/xcode-im_font.o
 .debug_info    0x00002e74      0x451 obj/xcode-im_i2c.o
 .debug_info    0x000032c5       0xb6 obj/xcode-im_abort.o
 .debug_info    0x0000337b      0x568 obj/xcode-im_time.o
 .debug_info    0x000038e3       0x92 c:/yagarto/bin/../lib/gcc/arm-elf/4.3.2\libgcc.a(_udivsi3.o)
 .debug_info    0x00003975       0x92 c:/yagarto/bin/../lib/gcc/arm-elf/4.3.2\libgcc.a(_umodsi3.o)
 .debug_info    0x00003a07       0x92 c:/yagarto/bin/../lib/gcc/arm-elf/4.3.2\libgcc.a(_dvmd_tls.o)
 .debug_info    0x00003a99       0xd7 c:/yagarto/bin/../lib/gcc/arm-elf/4.3.2/../../../../arm-elf/lib\libg.a(lib_a-strlen.o)
 .debug_info    0x00003b70       0xc9 c:/yagarto/bin/../lib/gcc/arm-elf/4.3.2/../../../../arm-elf/lib\libg.a(lib_a-strnlen.o)

.debug_abbrev   0x00000000      0xdf5
 .debug_abbrev  0x00000000       0x12 obj/xcode-im_board_cstartup-im.o
 .debug_abbrev  0x00000012       0xe8 obj/xcode-im_main.o
 .debug_abbrev  0x000000fa       0x9a obj/xcode-im_fastfixmath.o
 .debug_abbrev  0x00000194       0xea obj/xcode-im_board_lowlevel.o
 .debug_abbrev  0x0000027e       0xfe obj/xcode-im_pmc.o
 .debug_abbrev  0x0000037c      0x105 obj/xcode-im_serial.o
 .debug_abbrev  0x00000481      0x10c obj/xcode-im_spi.o
 .debug_abbrev  0x0000058d       0x7d obj/xcode-im_delay.o
 .debug_abbrev  0x0000060a       0xfa obj/xcode-im_rprintf.o
 .debug_abbrev  0x00000704       0x71 obj/xcode-im_rscanf.o
 .debug_abbrev  0x00000775       0xde obj/xcode-im_screen.o
 .debug_abbrev  0x00000853      0x110 obj/xcode-im_oled.o
 .debug_abbrev  0x00000963       0xb9 obj/xcode-im_font.o
 .debug_abbrev  0x00000a1c      0x103 obj/xcode-im_i2c.o
 .debug_abbrev  0x00000b1f       0x79 obj/xcode-im_abort.o
 .debug_abbrev  0x00000b98       0xfb obj/xcode-im_time.o
 .debug_abbrev  0x00000c93       0x14 c:/yagarto/bin/../lib/gcc/arm-elf/4.3.2\libgcc.a(_udivsi3.o)
 .debug_abbrev  0x00000ca7       0x14 c:/yagarto/bin/../lib/gcc/arm-elf/4.3.2\libgcc.a(_umodsi3.o)
 .debug_abbrev  0x00000cbb       0x14 c:/yagarto/bin/../lib/gcc/arm-elf/4.3.2\libgcc.a(_dvmd_tls.o)
 .debug_abbrev  0x00000ccf       0x94 c:/yagarto/bin/../lib/gcc/arm-elf/4.3.2/../../../../arm-elf/lib\libg.a(lib_a-strlen.o)
 .debug_abbrev  0x00000d63       0x92 c:/yagarto/bin/../lib/gcc/arm-elf/4.3.2/../../../../arm-elf/lib\libg.a(lib_a-strnlen.o)

.debug_aranges  0x00000000      0x3c8
 .debug_aranges
                0x00000000       0x30 obj/xcode-im_board_cstartup-im.o
 .debug_aranges
                0x00000030       0x20 obj/xcode-im_main.o
 .debug_aranges
                0x00000050       0x28 obj/xcode-im_fastfixmath.o
 .debug_aranges
                0x00000078       0x50 obj/xcode-im_board_lowlevel.o
 .debug_aranges
                0x000000c8       0x58 obj/xcode-im_pmc.o
 .debug_aranges
                0x00000120       0x30 obj/xcode-im_serial.o
 .debug_aranges
                0x00000150       0x28 obj/xcode-im_spi.o
 .debug_aranges
                0x00000178       0x28 obj/xcode-im_delay.o
 .debug_aranges
                0x000001a0       0x20 obj/xcode-im_rprintf.o
 .debug_aranges
                0x000001c0       0x20 obj/xcode-im_rscanf.o
 .debug_aranges
                0x000001e0       0x30 obj/xcode-im_screen.o
 .debug_aranges
                0x00000210       0x38 obj/xcode-im_oled.o
 .debug_aranges
                0x00000248       0x28 obj/xcode-im_font.o
 .debug_aranges
                0x00000270       0x60 obj/xcode-im_i2c.o
 .debug_aranges
                0x000002d0       0x28 obj/xcode-im_abort.o
 .debug_aranges
                0x000002f8       0x30 obj/xcode-im_time.o
 .debug_aranges
                0x00000328       0x20 c:/yagarto/bin/../lib/gcc/arm-elf/4.3.2\libgcc.a(_udivsi3.o)
 .debug_aranges
                0x00000348       0x20 c:/yagarto/bin/../lib/gcc/arm-elf/4.3.2\libgcc.a(_umodsi3.o)
 .debug_aranges
                0x00000368       0x20 c:/yagarto/bin/../lib/gcc/arm-elf/4.3.2\libgcc.a(_dvmd_tls.o)
 .debug_aranges
                0x00000388       0x20 c:/yagarto/bin/../lib/gcc/arm-elf/4.3.2/../../../../arm-elf/lib\libg.a(lib_a-strlen.o)
 .debug_aranges
                0x000003a8       0x20 c:/yagarto/bin/../lib/gcc/arm-elf/4.3.2/../../../../arm-elf/lib\libg.a(lib_a-strnlen.o)

.debug_ranges   0x00000000      0x2a8
 .debug_ranges  0x00000000       0x28 obj/xcode-im_board_cstartup-im.o
 .debug_ranges  0x00000028       0x18 obj/xcode-im_main.o
 .debug_ranges  0x00000040       0x20 obj/xcode-im_fastfixmath.o
 .debug_ranges  0x00000060       0x48 obj/xcode-im_board_lowlevel.o
 .debug_ranges  0x000000a8       0x50 obj/xcode-im_pmc.o
 .debug_ranges  0x000000f8       0x28 obj/xcode-im_serial.o
 .debug_ranges  0x00000120       0x20 obj/xcode-im_spi.o
 .debug_ranges  0x00000140       0x20 obj/xcode-im_delay.o
 .debug_ranges  0x00000160       0x18 obj/xcode-im_rprintf.o
 .debug_ranges  0x00000178       0x18 obj/xcode-im_rscanf.o
 .debug_ranges  0x00000190       0x28 obj/xcode-im_screen.o
 .debug_ranges  0x000001b8       0x30 obj/xcode-im_oled.o
 .debug_ranges  0x000001e8       0x20 obj/xcode-im_font.o
 .debug_ranges  0x00000208       0x58 obj/xcode-im_i2c.o
 .debug_ranges  0x00000260       0x20 obj/xcode-im_abort.o
 .debug_ranges  0x00000280       0x28 obj/xcode-im_time.o

.debug_frame    0x00000000      0x7c4
 .debug_frame   0x00000000       0x30 obj/xcode-im_main.o
 .debug_frame   0x00000030       0x50 obj/xcode-im_fastfixmath.o
 .debug_frame   0x00000080       0xf0 obj/xcode-im_board_lowlevel.o
 .debug_frame   0x00000170      0x110 obj/xcode-im_pmc.o
 .debug_frame   0x00000280       0x70 obj/xcode-im_serial.o
 .debug_frame   0x000002f0       0x50 obj/xcode-im_spi.o
 .debug_frame   0x00000340       0x50 obj/xcode-im_delay.o
 .debug_frame   0x00000390       0x34 obj/xcode-im_rprintf.o
 .debug_frame   0x000003c4       0x30 obj/xcode-im_rscanf.o
 .debug_frame   0x000003f4       0x70 obj/xcode-im_screen.o
 .debug_frame   0x00000464       0x90 obj/xcode-im_oled.o
 .debug_frame   0x000004f4       0x50 obj/xcode-im_font.o
 .debug_frame   0x00000544      0x130 obj/xcode-im_i2c.o
 .debug_frame   0x00000674       0x50 obj/xcode-im_abort.o
 .debug_frame   0x000006c4       0x70 obj/xcode-im_time.o
 .debug_frame   0x00000734       0x28 c:/yagarto/bin/../lib/gcc/arm-elf/4.3.2\libgcc.a(_udivsi3.o)
 .debug_frame   0x0000075c       0x28 c:/yagarto/bin/../lib/gcc/arm-elf/4.3.2\libgcc.a(_umodsi3.o)
 .debug_frame   0x00000784       0x20 c:/yagarto/bin/../lib/gcc/arm-elf/4.3.2/../../../../arm-elf/lib\libg.a(lib_a-strlen.o)
 .debug_frame   0x000007a4       0x20 c:/yagarto/bin/../lib/gcc/arm-elf/4.3.2/../../../../arm-elf/lib\libg.a(lib_a-strnlen.o)

.debug_loc      0x00000000      0x8c5
 .debug_loc     0x00000000       0x2a obj/xcode-im_main.o
 .debug_loc     0x0000002a       0x54 obj/xcode-im_fastfixmath.o
 .debug_loc     0x0000007e      0x126 obj/xcode-im_board_lowlevel.o
 .debug_loc     0x000001a4      0x150 obj/xcode-im_pmc.o
 .debug_loc     0x000002f4       0x7e obj/xcode-im_serial.o
 .debug_loc     0x00000372       0x54 obj/xcode-im_spi.o
 .debug_loc     0x000003c6       0x54 obj/xcode-im_delay.o
 .debug_loc     0x0000041a       0x2a obj/xcode-im_rprintf.o
 .debug_loc     0x00000444       0x2a obj/xcode-im_rscanf.o
 .debug_loc     0x0000046e       0x7e obj/xcode-im_screen.o
 .debug_loc     0x000004ec       0xa8 obj/xcode-im_oled.o
 .debug_loc     0x00000594       0x54 obj/xcode-im_font.o
 .debug_loc     0x000005e8      0x17a obj/xcode-im_i2c.o
 .debug_loc     0x00000762       0x54 obj/xcode-im_abort.o
 .debug_loc     0x000007b6       0x7e obj/xcode-im_time.o
 .debug_loc     0x00000834       0x47 c:/yagarto/bin/../lib/gcc/arm-elf/4.3.2/../../../../arm-elf/lib\libg.a(lib_a-strlen.o)
 .debug_loc     0x0000087b       0x4a c:/yagarto/bin/../lib/gcc/arm-elf/4.3.2/../../../../arm-elf/lib\libg.a(lib_a-strnlen.o)

.debug_pubnames
                0x00000000      0x664
 .debug_pubnames
                0x00000000       0x3a obj/xcode-im_main.o
 .debug_pubnames
                0x0000003a       0x37 obj/xcode-im_fastfixmath.o
 .debug_pubnames
                0x00000071       0x95 obj/xcode-im_board_lowlevel.o
 .debug_pubnames
                0x00000106       0xf0 obj/xcode-im_pmc.o
 .debug_pubnames
                0x000001f6       0x6d obj/xcode-im_serial.o
 .debug_pubnames
                0x00000263       0x42 obj/xcode-im_spi.o
 .debug_pubnames
                0x000002a5       0x28 obj/xcode-im_delay.o
 .debug_pubnames
                0x000002cd       0x1e obj/xcode-im_rprintf.o
 .debug_pubnames
                0x000002eb       0x1f obj/xcode-im_rscanf.o
 .debug_pubnames
                0x0000030a       0x8f obj/xcode-im_screen.o
 .debug_pubnames
                0x00000399       0x53 obj/xcode-im_oled.o
 .debug_pubnames
                0x000003ec       0xcd obj/xcode-im_font.o
 .debug_pubnames
                0x000004b9       0xe7 obj/xcode-im_i2c.o
 .debug_pubnames
                0x000005a0       0x3a obj/xcode-im_abort.o
 .debug_pubnames
                0x000005da       0x4f obj/xcode-im_time.o
 .debug_pubnames
                0x00000629       0x1d c:/yagarto/bin/../lib/gcc/arm-elf/4.3.2/../../../../arm-elf/lib\libg.a(lib_a-strlen.o)
 .debug_pubnames
                0x00000646       0x1e c:/yagarto/bin/../lib/gcc/arm-elf/4.3.2/../../../../arm-elf/lib\libg.a(lib_a-strnlen.o)

.debug_str      0x00000000      0xe98
 .debug_str     0x00000000      0x2dd obj/xcode-im_main.o
                                0x31b (size before relaxing)
 .debug_str     0x000002dd       0x35 obj/xcode-im_fastfixmath.o
                                 0x66 (size before relaxing)
 .debug_str     0x00000312      0x286 obj/xcode-im_board_lowlevel.o
                                0x4b8 (size before relaxing)
 .debug_str     0x00000598       0xce obj/xcode-im_pmc.o
                                0x256 (size before relaxing)
 .debug_str     0x00000666      0x145 obj/xcode-im_serial.o
                                0x34d (size before relaxing)
 .debug_str     0x000007ab       0xf9 obj/xcode-im_spi.o
                                0x3a0 (size before relaxing)
 .debug_str     0x000008a4       0x1f obj/xcode-im_delay.o
                                 0xdd (size before relaxing)
 .debug_str     0x000008c3       0x7b obj/xcode-im_rprintf.o
                                0x15b (size before relaxing)
 .debug_str     0x0000093e       0x1b obj/xcode-im_rscanf.o
                                 0xd5 (size before relaxing)
 .debug_str     0x00000959       0xf6 obj/xcode-im_screen.o
                                0x1e7 (size before relaxing)
 .debug_str     0x00000a4f       0x8d obj/xcode-im_oled.o
                                0x3a4 (size before relaxing)
 .debug_str     0x00000adc       0x96 obj/xcode-im_font.o
                                0x19f (size before relaxing)
 .debug_str     0x00000b72      0x1be obj/xcode-im_i2c.o
                                0x29d (size before relaxing)
 .debug_str     0x00000d30       0x39 obj/xcode-im_abort.o
                                 0xee (size before relaxing)
 .debug_str     0x00000d69       0x52 obj/xcode-im_time.o
                                0x348 (size before relaxing)
 .debug_str     0x00000dbb       0x9b c:/yagarto/bin/../lib/gcc/arm-elf/4.3.2/../../../../arm-elf/lib\libg.a(lib_a-strlen.o)
                                0x130 (size before relaxing)
 .debug_str     0x00000e56       0x42 c:/yagarto/bin/../lib/gcc/arm-elf/4.3.2/../../../../arm-elf/lib\libg.a(lib_a-strnlen.o)
                                0x125 (size before relaxing)

.comment        0x00000000      0x132
 .comment       0x00000000       0x12 obj/xcode-im_main.o
 .comment       0x00000012       0x12 obj/xcode-im_fastfixmath.o
 .comment       0x00000024       0x12 obj/xcode-im_board_lowlevel.o
 .comment       0x00000036       0x12 obj/xcode-im_pmc.o
 .comment       0x00000048       0x12 obj/xcode-im_serial.o
 .comment       0x0000005a       0x12 obj/xcode-im_spi.o
 .comment       0x0000006c       0x12 obj/xcode-im_delay.o
 .comment       0x0000007e       0x12 obj/xcode-im_rprintf.o
 .comment       0x00000090       0x12 obj/xcode-im_rscanf.o
 .comment       0x000000a2       0x12 obj/xcode-im_screen.o
 .comment       0x000000b4       0x12 obj/xcode-im_oled.o
 .comment       0x000000c6       0x12 obj/xcode-im_font.o
 .comment       0x000000d8       0x12 obj/xcode-im_i2c.o
 .comment       0x000000ea       0x12 obj/xcode-im_abort.o
 .comment       0x000000fc       0x12 obj/xcode-im_time.o
 .comment       0x0000010e       0x12 c:/yagarto/bin/../lib/gcc/arm-elf/4.3.2/../../../../arm-elf/lib\libg.a(lib_a-strlen.o)
 .comment       0x00000120       0x12 c:/yagarto/bin/../lib/gcc/arm-elf/4.3.2/../../../../arm-elf/lib\libg.a(lib_a-strnlen.o)

.bss            0x0000006c        0x4 load address 0x10001388
 COMMON         0x0000006c        0x4 obj/xcode-im_time.o
                0x0000006c                timeval
