Archive member included because of file (symbol)

c:/yagarto/bin/../lib/gcc/arm-elf/4.3.2\libgcc.a(_udivsi3.o)
                              obj/flash-bl_fat.o (__udivsi3)
c:/yagarto/bin/../lib/gcc/arm-elf/4.3.2\libgcc.a(_divsi3.o)
                              obj/flash-bl_fat.o (__divsi3)
c:/yagarto/bin/../lib/gcc/arm-elf/4.3.2\libgcc.a(_umodsi3.o)
                              obj/flash-bl_fat.o (__umodsi3)
c:/yagarto/bin/../lib/gcc/arm-elf/4.3.2\libgcc.a(_dvmd_tls.o)
                              c:/yagarto/bin/../lib/gcc/arm-elf/4.3.2\libgcc.a(_udivsi3.o) (__div0)
c:/yagarto/bin/../lib/gcc/arm-elf/4.3.2/../../../../arm-elf/lib\libg.a(lib_a-ctype_.o)
                              obj/flash-bl_fat.o (__ctype_ptr)
c:/yagarto/bin/../lib/gcc/arm-elf/4.3.2/../../../../arm-elf/lib\libg.a(lib_a-malloc.o)
                              obj/flash-bl_fat.o (free)
c:/yagarto/bin/../lib/gcc/arm-elf/4.3.2/../../../../arm-elf/lib\libg.a(lib_a-mallocr.o)
                              c:/yagarto/bin/../lib/gcc/arm-elf/4.3.2/../../../../arm-elf/lib\libg.a(lib_a-malloc.o) (_malloc_r)
c:/yagarto/bin/../lib/gcc/arm-elf/4.3.2/../../../../arm-elf/lib\libg.a(lib_a-memcpy.o)
                              obj/flash-bl_fat.o (memcpy)
c:/yagarto/bin/../lib/gcc/arm-elf/4.3.2/../../../../arm-elf/lib\libg.a(lib_a-memset.o)
                              obj/flash-bl_fat.o (memset)
c:/yagarto/bin/../lib/gcc/arm-elf/4.3.2/../../../../arm-elf/lib\libg.a(lib_a-mlock.o)
                              c:/yagarto/bin/../lib/gcc/arm-elf/4.3.2/../../../../arm-elf/lib\libg.a(lib_a-mallocr.o) (__malloc_lock)
c:/yagarto/bin/../lib/gcc/arm-elf/4.3.2/../../../../arm-elf/lib\libg.a(lib_a-sbrkr.o)
                              c:/yagarto/bin/../lib/gcc/arm-elf/4.3.2/../../../../arm-elf/lib\libg.a(lib_a-mallocr.o) (_sbrk_r)
c:/yagarto/bin/../lib/gcc/arm-elf/4.3.2/../../../../arm-elf/lib\libg.a(lib_a-strchr.o)
                              obj/flash-bl_fat.o (strchr)
c:/yagarto/bin/../lib/gcc/arm-elf/4.3.2/../../../../arm-elf/lib\libg.a(lib_a-strcmp.o)
                              obj/flash-bl_fat.o (strcmp)
c:/yagarto/bin/../lib/gcc/arm-elf/4.3.2/../../../../arm-elf/lib\libg.a(lib_a-strcpy.o)
                              obj/flash-bl_fat.o (strcpy)
c:/yagarto/bin/../lib/gcc/arm-elf/4.3.2/../../../../arm-elf/lib\libg.a(lib_a-strlen.o)
                              obj/flash-bl_fat.o (strlen)
c:/yagarto/bin/../lib/gcc/arm-elf/4.3.2/../../../../arm-elf/lib\libg.a(lib_a-strnlen.o)
                              obj/flash-bl_rprintf.o (strnlen)
c:/yagarto/bin/../lib/gcc/arm-elf/4.3.2/../../../../arm-elf/lib\libg.a(lib_a-syscalls.o)
                              c:/yagarto/bin/../lib/gcc/arm-elf/4.3.2/../../../../arm-elf/lib\libg.a(lib_a-sbrkr.o) (_sbrk)
c:/yagarto/bin/../lib/gcc/arm-elf/4.3.2/../../../../arm-elf/lib\libg.a(lib_a-errno.o)
                              c:/yagarto/bin/../lib/gcc/arm-elf/4.3.2/../../../../arm-elf/lib\libg.a(lib_a-syscalls.o) (__errno)
c:/yagarto/bin/../lib/gcc/arm-elf/4.3.2/../../../../arm-elf/lib\libg.a(lib_a-findfp.o)
                              c:/yagarto/bin/../lib/gcc/arm-elf/4.3.2/../../../../arm-elf/lib\libg.a(lib_a-syscalls.o) (__sinit)
c:/yagarto/bin/../lib/gcc/arm-elf/4.3.2/../../../../arm-elf/lib\libg.a(lib_a-freer.o)
                              c:/yagarto/bin/../lib/gcc/arm-elf/4.3.2/../../../../arm-elf/lib\libg.a(lib_a-malloc.o) (_free_r)
c:/yagarto/bin/../lib/gcc/arm-elf/4.3.2/../../../../arm-elf/lib\libg.a(lib_a-fwalk.o)
                              c:/yagarto/bin/../lib/gcc/arm-elf/4.3.2/../../../../arm-elf/lib\libg.a(lib_a-findfp.o) (_fwalk)
c:/yagarto/bin/../lib/gcc/arm-elf/4.3.2/../../../../arm-elf/lib\libg.a(lib_a-impure.o)
                              c:/yagarto/bin/../lib/gcc/arm-elf/4.3.2/../../../../arm-elf/lib\libg.a(lib_a-malloc.o) (_impure_ptr)
c:/yagarto/bin/../lib/gcc/arm-elf/4.3.2/../../../../arm-elf/lib\libg.a(lib_a-reent.o)
                              c:/yagarto/bin/../lib/gcc/arm-elf/4.3.2/../../../../arm-elf/lib\libg.a(lib_a-sbrkr.o) (errno)
c:/yagarto/bin/../lib/gcc/arm-elf/4.3.2/../../../../arm-elf/lib\libg.a(lib_a-stdio.o)
                              c:/yagarto/bin/../lib/gcc/arm-elf/4.3.2/../../../../arm-elf/lib\libg.a(lib_a-findfp.o) (__sclose)
c:/yagarto/bin/../lib/gcc/arm-elf/4.3.2/../../../../arm-elf/lib\libg.a(lib_a-writer.o)
                              c:/yagarto/bin/../lib/gcc/arm-elf/4.3.2/../../../../arm-elf/lib\libg.a(lib_a-stdio.o) (_write_r)
c:/yagarto/bin/../lib/gcc/arm-elf/4.3.2/../../../../arm-elf/lib\libg.a(lib_a-closer.o)
                              c:/yagarto/bin/../lib/gcc/arm-elf/4.3.2/../../../../arm-elf/lib\libg.a(lib_a-stdio.o) (_close_r)
c:/yagarto/bin/../lib/gcc/arm-elf/4.3.2/../../../../arm-elf/lib\libg.a(lib_a-fclose.o)
                              c:/yagarto/bin/../lib/gcc/arm-elf/4.3.2/../../../../arm-elf/lib\libg.a(lib_a-findfp.o) (fclose)
c:/yagarto/bin/../lib/gcc/arm-elf/4.3.2/../../../../arm-elf/lib\libg.a(lib_a-fflush.o)
[...]
Memory Configuration

Name             Origin             Length             Attributes
sram             0x00200000         0x00008000         w !xr
flash            0x00100000         0x00080000         xr
*default*        0x00000000         0xffffffff

Linker script and memory map

LOAD c:/yagarto/bin/../lib/gcc/arm-elf/4.3.2/../../../../arm-elf/lib\libm.a
LOAD obj/flash-bl_board_cstartup-bl.o
LOAD obj/flash-bl_main.o
LOAD obj/flash-bl_board_lowlevel.o
LOAD obj/flash-bl_pmc.o
LOAD obj/flash-bl_fat.o
LOAD obj/flash-bl_serial.o
LOAD obj/flash-bl_spi.o
LOAD obj/flash-bl_i2c.o
LOAD obj/flash-bl_sdcard.o
LOAD obj/flash-bl_usb_bot.o
LOAD obj/flash-bl_usb_drv.o
LOAD obj/flash-bl_usb_dsc.o
LOAD obj/flash-bl_usb_lun.o
LOAD obj/flash-bl_usb_sbc_func.o
LOAD obj/flash-bl_usb_std.o
LOAD obj/flash-bl_delay.o
LOAD obj/flash-bl_rprintf.o
LOAD obj/flash-bl_screen.o
LOAD obj/flash-bl_oled.o
LOAD obj/flash-bl_font.o
LOAD obj/flash-bl_abort.o
LOAD obj/flash-bl_interrupt_utils.o
LOAD obj/flash-bl_usb_irq.o
LOAD obj/flash-bl_time.o
START GROUP
LOAD c:/yagarto/bin/../lib/gcc/arm-elf/4.3.2\libgcc.a
LOAD c:/yagarto/bin/../lib/gcc/arm-elf/4.3.2/../../../../arm-elf/lib\libg.a
LOAD c:/yagarto/bin/../lib/gcc/arm-elf/4.3.2/../../../../arm-elf/lib\libc.a
END GROUP

.fixed          0x00100000     0xefb8
                0x00100000                . = ALIGN (0x4)
                0x00100000                _sfixed = .
 *(.text*)
 .text          0x00100000       0xa0 obj/flash-bl_board_cstartup-bl.o
                0x00100000                entry
 .text.main     0x001000a0      0x9f0 obj/flash-bl_main.o
                0x001000a0                main
 .text.init_lowlevel_io
                0x00100a90      0x274 obj/flash-bl_main.o
                0x00100a90                init_lowlevel_io
 .text.chargerManager
                0x00100d04      0x3a4 obj/flash-bl_main.o
                0x00100d04                chargerManager
 .text.chargerStat
                0x001010a8      0x3d0 obj/flash-bl_main.o
                0x001010a8                chargerStat
 .text.defaultSpuriousHandler
                0x00101478       0x10 obj/flash-bl_board_lowlevel.o
                0x00101478                defaultSpuriousHandler
 .text.defaultFiqHandler
                0x00101488       0x10 obj/flash-bl_board_lowlevel.o
                0x00101488                defaultFiqHandler
 .text.defaultIrqHandler
                0x00101498       0x10 obj/flash-bl_board_lowlevel.o
                0x00101498                defaultIrqHandler
 .text.BOARD_RemapRam
                0x001014a8       0x1c obj/flash-bl_board_lowlevel.o
                0x001014a8                BOARD_RemapRam
 .text.LowLevelInit
                0x001014c4      0x210 obj/flash-bl_board_lowlevel.o
                0x001014c4                LowLevelInit
 .text.pioInit  0x001016d4      0x240 obj/flash-bl_board_lowlevel.o
                0x001016d4                pioInit
 .text.readsector
                0x00101914       0x88 obj/flash-bl_fat.o
 .text.cluster2sector
                0x0010199c       0x70 obj/flash-bl_fat.o
 .text.fat_nextcluster
                0x00101a0c      0x204 obj/flash-bl_fat.o
 .text.fat_init
                0x00101c10      0x58c obj/flash-bl_fat.o
                0x00101c10                fat_init
 .text.szWildMatch8
                0x0010219c      0x1e8 obj/flash-bl_fat.o
 .text.dos2str  0x00102384      0x140 obj/flash-bl_fat.o
                0x00102384                dos2str
 .text.ff_scan  0x001024c4      0x570 obj/flash-bl_fat.o
 .text.find_first
                0x00102a34      0x164 obj/flash-bl_fat.o
                0x00102a34                find_first
 .text.fat_chdir
                0x00102b98      0x22c obj/flash-bl_fat.o
                0x00102b98                fat_chdir
 .text.fat_size
                0x00102dc4       0x80 obj/flash-bl_fat.o
                0x00102dc4                fat_size
 .text.fat_open
                0x00102e44      0x2e8 obj/flash-bl_fat.o
                0x00102e44                fat_open
 .text.fat_close
                0x0010312c       0xa0 obj/flash-bl_fat.o
                0x0010312c                fat_close
 .text.fat_read
                0x001031cc      0x2a8 obj/flash-bl_fat.o
                0x001031cc                fat_read
 .text.dbg_usart_init
                0x00103474       0x88 obj/flash-bl_serial.o
                0x00103474                dbg_usart_init
 .text.dbg_usart_putchar
                0x001034fc       0x48 obj/flash-bl_serial.o
                0x001034fc                dbg_usart_putchar
 .text.spi_init
                0x00103544       0xcc obj/flash-bl_spi.o
                0x00103544                spi_init
 .text.spi_byte
                0x00103610       0xe8 obj/flash-bl_spi.o
                0x00103610                spi_byte
 .text.i2cMasterConf
                0x001036f8      0x154 obj/flash-bl_i2c.o
                0x001036f8                i2cMasterConf
 .text.i2cWriteByte
                0x0010384c       0xe0 obj/flash-bl_i2c.o
                0x0010384c                i2cWriteByte
 .text.i2cReadByte
                0x0010392c      0x118 obj/flash-bl_i2c.o
                0x0010392c                i2cReadByte
 .text.sd_card_detect
                0x00103a44       0x18 obj/flash-bl_sdcard.o
                0x00103a44                sd_card_detect
 .text.sd_command
                0x00103a5c      0x150 obj/flash-bl_sdcard.o
                0x00103a5c                sd_command
 .text.sd_send_dummys
                0x00103bac       0x64 obj/flash-bl_sdcard.o
                0x00103bac                sd_send_dummys
 .text.sd_get_response
                0x00103c10       0x80 obj/flash-bl_sdcard.o
                0x00103c10                sd_get_response
 .text.sd_get_datatoken
                0x00103c90       0x80 obj/flash-bl_sdcard.o
                0x00103c90                sd_get_datatoken
 .text.sd_init  0x00103d10      0x400 obj/flash-bl_sdcard.o
                0x00103d10                sd_init
 .text.sd_info  0x00104110      0x41c obj/flash-bl_sdcard.o
                0x00104110                sd_info
 .text.sd_readsector
                0x0010452c      0x1e8 obj/flash-bl_sdcard.o
                0x0010452c                sd_readsector
 .text.sd_read_n
                0x00104714       0x7c obj/flash-bl_sdcard.o
                0x00104714                sd_read_n
 .text.sd_writesector
                0x00104790      0x244 obj/flash-bl_sdcard.o
                0x00104790                sd_writesector
 .text.bot_reset
                0x001049d4       0x44 obj/flash-bl_usb_bot.o
                0x001049d4                bot_reset
 .text.bot_callback
                0x00104a18       0x68 obj/flash-bl_usb_bot.o
                0x00104a18                bot_callback
 .text.bot_get_command_information
                0x00104a80       0x88 obj/flash-bl_usb_bot.o
 .text.bot_pre_process_command
                0x00104b08      0x408 obj/flash-bl_usb_bot.o
 .text.bot_post_process_command
                0x00104f10       0xb0 obj/flash-bl_usb_bot.o
 .text.bot_process_command
                0x00104fc0      0x254 obj/flash-bl_usb_bot.o
 .text.bot_request_handler
                0x00105214      0x254 obj/flash-bl_usb_bot.o
                0x00105214                bot_request_handler
 .text.bot_init
                0x00105468       0x9c obj/flash-bl_usb_bot.o
                0x00105468                bot_init
 .text.bot_state_machine
                0x00105504      0x3a0 obj/flash-bl_usb_bot.o
                0x00105504                bot_state_machine
 .text.usb_power_detect
                0x001058a4       0x4c obj/flash-bl_usb_drv.o
                0x001058a4                usb_power_detect
 .text.last_set_bit
                0x001058f0      0x134 obj/flash-bl_usb_drv.o
                0x001058f0                last_set_bit
 .text.usb_check_bus_status
                0x00105a24      0x17c obj/flash-bl_usb_drv.o
                0x00105a24                usb_check_bus_status
 .text.usb_enable_device
                0x00105ba0       0xe4 obj/flash-bl_usb_drv.o
                0x00105ba0                usb_enable_device
 .text.usb_disable_device
                0x00105c84       0xe4 obj/flash-bl_usb_drv.o
                0x00105c84                usb_disable_device
 .text.usb_bus_reset_handler
                0x00105d68       0xf8 obj/flash-bl_usb_drv.o
                0x00105d68                usb_bus_reset_handler
 .text.usb_end_of_transfer
                0x00105e60      0x240 obj/flash-bl_usb_drv.o
                0x00105e60                usb_end_of_transfer
 .text.usb_configure_endpoint
                0x001060a0      0x354 obj/flash-bl_usb_drv.o
                0x001060a0                usb_configure_endpoint
 .text.usb_send_zlp0
                0x001063f4       0x50 obj/flash-bl_usb_drv.o
                0x001063f4                usb_send_zlp0
 .text.usb_set_address
                0x00106444       0xe0 obj/flash-bl_usb_drv.o
                0x00106444                usb_set_address
 .text.usb_clear_rx_flag
                0x00106524      0x198 obj/flash-bl_usb_drv.o
 .text.usb_writepayload
                0x001066bc      0x328 obj/flash-bl_usb_drv.o
 .text.usb_write
                0x001069e4      0x3c8 obj/flash-bl_usb_drv.o
                0x001069e4                usb_write
 .text.usb_getpayload
                0x00106dac      0x3bc obj/flash-bl_usb_drv.o
 .text.usb_read
                0x00107168      0x2f8 obj/flash-bl_usb_drv.o
                0x00107168                usb_read
 .text.usb_endpoint_handler
                0x00107460      0xd8c obj/flash-bl_usb_drv.o
                0x00107460                usb_endpoint_handler
 .text.usb_stall
                0x001081ec       0xb0 obj/flash-bl_usb_drv.o
                0x001081ec                usb_stall
 .text.usb_halt
                0x0010829c      0x2c4 obj/flash-bl_usb_drv.o
                0x0010829c                usb_halt
 .text.usb_set_configuration
                0x00108560      0x134 obj/flash-bl_usb_drv.o
                0x00108560                usb_set_configuration
 .text.lun_init
                0x00108694      0x2d0 obj/flash-bl_usb_lun.o
                0x00108694                lun_init
 .text.lun_read
                0x00108964       0xd0 obj/flash-bl_usb_lun.o
                0x00108964                lun_read
 .text.lun_write
                0x00108a34       0xd0 obj/flash-bl_usb_lun.o
                0x00108a34                lun_write
 .text.sbc_inquiry
                0x00108b04      0x190 obj/flash-bl_usb_sbc_func.o
 .text.sbc_read_capacity10
                0x00108c94      0x150 obj/flash-bl_usb_sbc_func.o
 .text.sbc_write10
                0x00108de4      0x4cc obj/flash-bl_usb_sbc_func.o
 .text.sbc_read10
                0x001092b0      0x4cc obj/flash-bl_usb_sbc_func.o
 .text.sbc_mode_sense6
                0x0010977c      0x148 obj/flash-bl_usb_sbc_func.o
 .text.sbc_request_sense
                0x001098c4      0x16c obj/flash-bl_usb_sbc_func.o
 .text.sbc_test_unit_ready
                0x00109a30       0xd8 obj/flash-bl_usb_sbc_func.o
 .text.sbc_update_sense_data
                0x00109b08       0x84 obj/flash-bl_usb_sbc_func.o
                0x00109b08                sbc_update_sense_data
 .text.sbc_get_command_information
                0x00109b8c      0x314 obj/flash-bl_usb_sbc_func.o
                0x00109b8c                sbc_get_command_information
 .text.sbc_process_command
                0x00109ea0      0x208 obj/flash-bl_usb_sbc_func.o
                0x00109ea0                sbc_process_command
 .text.usb_std_configure_endpoints
                0x0010a0a8       0x60 obj/flash-bl_usb_std.o
 .text.usb_std_req_handler
                0x0010a108      0x694 obj/flash-bl_usb_std.o
                0x0010a108                usb_std_req_handler
 .text.delay    0x0010a79c       0xa4 obj/flash-bl_delay.o
                0x0010a79c                delay
 .text.delayms  0x0010a840       0x58 obj/flash-bl_delay.o
                0x0010a840                delayms
 .text.rprintf  0x0010a898      0xa30 obj/flash-bl_rprintf.o
                0x0010a898                rprintf
 .text.scrInit  0x0010b2c8       0x98 obj/flash-bl_screen.o
                0x0010b2c8                scrInit
 .text.scrWriteRect
                0x0010b360      0x33c obj/flash-bl_screen.o
                0x0010b360                scrWriteRect
 .text.scrWriteBitmap
                0x0010b69c      0x2c4 obj/flash-bl_screen.o
                0x0010b69c                scrWriteBitmap
 .text.oledWriteCommand
                0x0010b960       0x6c obj/flash-bl_oled.o
                0x0010b960                oledWriteCommand
 .text.oledInitHw
                0x0010b9cc      0x420 obj/flash-bl_oled.o
                0x0010b9cc                oledInitHw
 .text.fontSetCharPos
                0x0010bdec       0x48 obj/flash-bl_font.o
                0x0010bdec                fontSetCharPos
 .text.fontPutChar
                0x0010be34       0x34 obj/flash-bl_font.o
                0x0010be34                fontPutChar
 .text.fontPutChar6x8
                0x0010be68      0x228 obj/flash-bl_font.o
                0x0010be68                fontPutChar6x8
 .text.usb_irq_service
                0x0010c090      0x3b4 obj/flash-bl_usb_irq.o
                0x0010c090                usb_irq_service
 .text.timer_int
                0x0010c444      0x104 obj/flash-bl_time.o
                0x0010c444                timer_int
 .text.timer_init
                0x0010c548       0xa0 obj/flash-bl_time.o
                0x0010c548                timer_init
 .text          0x0010c5e8      0x110 c:/yagarto/bin/../lib/gcc/arm-elf/4.3.2\libgcc.a(_udivsi3.o)
                0x0010c5e8                __udivsi3
                0x0010c5e8                __aeabi_uidiv
                0x0010c6e0                __aeabi_uidivmod
 .text          0x0010c6f8      0x140 c:/yagarto/bin/../lib/gcc/arm-elf/4.3.2\libgcc.a(_divsi3.o)
                0x0010c6f8                __aeabi_idiv
                0x0010c6f8                __divsi3
                0x0010c820                __aeabi_idivmod
 .text          0x0010c838       0xcc c:/yagarto/bin/../lib/gcc/arm-elf/4.3.2\libgcc.a(_umodsi3.o)
                0x0010c838                __umodsi3
 .text          0x0010c904        0x4 c:/yagarto/bin/../lib/gcc/arm-elf/4.3.2\libgcc.a(_dvmd_tls.o)
                0x0010c904                __aeabi_ldiv0
                0x0010c904                __div0
                0x0010c904                __aeabi_idiv0
 .text          0x0010c908       0x28 c:/yagarto/bin/../lib/gcc/arm-elf/4.3.2/../../../../arm-elf/lib\libg.a(lib_a-malloc.o)
                0x0010c91c                malloc
                0x0010c908                free
 .text          0x0010c930      0x734 c:/yagarto/bin/../lib/gcc/arm-elf/4.3.2/../../../../arm-elf/lib\libg.a(lib_a-mallocr.o)
                0x0010c930                _malloc_r
 .text          0x0010d064       0xfc c:/yagarto/bin/../lib/gcc/arm-elf/4.3.2/../../../../arm-elf/lib\libg.a(lib_a-memcpy.o)
                0x0010d064                memcpy
 .text          0x0010d160       0xd0 c:/yagarto/bin/../lib/gcc/arm-elf/4.3.2/../../../../arm-elf/lib\libg.a(lib_a-memset.o)
                0x0010d160                memset
 .text          0x0010d230        0x8 c:/yagarto/bin/../lib/gcc/arm-elf/4.3.2/../../../../arm-elf/lib\libg.a(lib_a-mlock.o)
                0x0010d234                __malloc_unlock
                0x0010d230                __malloc_lock
 .text          0x0010d238       0x38 c:/yagarto/bin/../lib/gcc/arm-elf/4.3.2/../../../../arm-elf/lib\libg.a(lib_a-sbrkr.o)
                0x0010d238                _sbrk_r
 .text          0x0010d270      0x134 c:/yagarto/bin/../lib/gcc/arm-elf/4.3.2/../../../../arm-elf/lib\libg.a(lib_a-strchr.o)
                0x0010d270                strchr
 .text          0x0010d3a4       0xe8 c:/yagarto/bin/../lib/gcc/arm-elf/4.3.2/../../../../arm-elf/lib\libg.a(lib_a-strcmp.o)
                0x0010d3a4                strcmp
 .text          0x0010d48c       0xb8 c:/yagarto/bin/../lib/gcc/arm-elf/4.3.2/../../../../arm-elf/lib\libg.a(lib_a-strcpy.o)
                0x0010d48c                strcpy
 .text          0x0010d544       0x9c c:/yagarto/bin/../lib/gcc/arm-elf/4.3.2/../../../../arm-elf/lib\libg.a(lib_a-strlen.o)
                0x0010d544                strlen
 .text          0x0010d5e0       0x4c c:/yagarto/bin/../lib/gcc/arm-elf/4.3.2/../../../../arm-elf/lib\libg.a(lib_a-strnlen.o)
                0x0010d5e0                strnlen
 .text          0x0010d62c      0x8ec c:/yagarto/bin/../lib/gcc/arm-elf/4.3.2/../../../../arm-elf/lib\libg.a(lib_a-syscalls.o)
                0x0010d754                _getpid
                0x0010d62c                initialise_monitor_handles
                0x0010db24                isatty
                0x0010dee8                _fstat
                0x0010da34                _open
                0x0010da54                _sbrk
                0x0010d764                _raise
                0x0010d7ac                _times
                0x0010de9c                _stat
                0x0010ddac                _lseek
                0x0010d75c                _link
                0x0010dbd4                _swiwrite
                0x0010d828                _rename
                0x0010dcb8                _swilseek
                0x0010db5c                _swiclose
                0x0010d954                _swiopen
                0x0010d910                _unlink
                0x0010dc10                _write
                0x0010d6e0                _kill
                0x0010d768                _gettimeofday
                0x0010ddf8                _read
                0x0010d734                _exit
                0x0010d880                _system
                0x0010ddbc                _swiread
                0x0010dbc4                _close
 .text          0x0010df18       0x10 c:/yagarto/bin/../lib/gcc/arm-elf/4.3.2/../../../../arm-elf/lib\libg.a(lib_a-errno.o)
                0x0010df18                __errno
 .text          0x0010df28      0x2ac c:/yagarto/bin/../lib/gcc/arm-elf/4.3.2/../../../../arm-elf/lib\libg.a(lib_a-findfp.o)
                0x0010df28                __sinit
                0x0010e0b8                __sfmoreglue
                0x0010e0a0                _cleanup
                0x0010e094                _cleanup_r
                0x0010e07c                __fp_lock_all
                0x0010e044                __sfp_lock_acquire
                0x0010e100                __sfp
                0x0010e050                __sinit_lock_release
                0x0010e064                __fp_unlock_all
                0x0010e048                __sfp_lock_release
                0x0010e04c                __sinit_lock_acquire
 .text          0x0010e1d4      0x370 c:/yagarto/bin/../lib/gcc/arm-elf/4.3.2/../../../../arm-elf/lib\libg.a(lib_a-freer.o)
                0x0010e2cc                _free_r
                0x0010e1d4                _malloc_trim_r
 .text          0x0010e544      0x10c c:/yagarto/bin/../lib/gcc/arm-elf/4.3.2/../../../../arm-elf/lib\libg.a(lib_a-fwalk.o)
                0x0010e5cc                _fwalk
                0x0010e544                _fwalk_reent
 .text          0x0010e650       0xc0 c:/yagarto/bin/../lib/gcc/arm-elf/4.3.2/../../../../arm-elf/lib\libg.a(lib_a-stdio.o)
                0x0010e658                __sseek
                0x0010e6e0                __sread
                0x0010e650                __sclose
                0x0010e68c                __swrite
 .text          0x0010e710       0x40 c:/yagarto/bin/../lib/gcc/arm-elf/4.3.2/../../../../arm-elf/lib\libg.a(lib_a-writer.o)
                0x0010e710                _write_r
 .text          0x0010e750       0x38 c:/yagarto/bin/../lib/gcc/arm-elf/4.3.2/../../../../arm-elf/lib\libg.a(lib_a-closer.o)
                0x0010e750                _close_r
 .text          0x0010e788      0x118 c:/yagarto/bin/../lib/gcc/arm-elf/4.3.2/../../../../arm-elf/lib\libg.a(lib_a-fclose.o)
                0x0010e788                _fclose_r
                0x0010e88c                fclose
 .text          0x0010e8a0      0x1dc c:/yagarto/bin/../lib/gcc/arm-elf/4.3.2/../../../../arm-elf/lib\libg.a(lib_a-fflush.o)
                0x0010ea48                fflush
                0x0010e8a0                _fflush_r
 .text          0x0010ea7c       0x40 c:/yagarto/bin/../lib/gcc/arm-elf/4.3.2/../../../../arm-elf/lib\libg.a(lib_a-lseekr.o)
                0x0010ea7c                _lseek_r
 .text          0x0010eabc       0x40 c:/yagarto/bin/../lib/gcc/arm-elf/4.3.2/../../../../arm-elf/lib\libg.a(lib_a-readr.o)
                0x0010eabc                _read_r
 *(.rodata*)
 .rodata        0x0010eafc      0x26c obj/flash-bl_main.o
 .rodata        0x0010ed68       0x1c obj/flash-bl_fat.o
 .rodata        0x0010ed84       0x14 obj/flash-bl_sdcard.o
 .rodata        0x0010ed98       0x98 obj/flash-bl_usb_dsc.o
                0x0010edf0                pProduct
                0x0010ee20                sDescriptors
                0x0010edac                sConfigurationDescriptor
                0x0010ed98                sDeviceDescriptor
                0x0010ee08                pSerial
                0x0010edcc                sDeviceQualifierDescriptor
                0x0010edd6                sLanguageID
                0x0010edda                pManufacturer
 .rodata        0x0010ee30       0x60 obj/flash-bl_usb_lun.o
 .rodata        0x0010ee90        0x4 obj/flash-bl_usb_sbc_func.o
 .rodata        0x0010ee94       0x14 obj/flash-bl_screen.o
 .rodata        0x0010eea8      0x101 c:/yagarto/bin/../lib/gcc/arm-elf/4.3.2/../../../../arm-elf/lib\libg.a(lib_a-ctype_.o)
                0x0010eea8                _ctype_
 *fill*         0x0010efa9        0x3 00
 .rodata.str1.4
                0x0010efac        0x4 c:/yagarto/bin/../lib/gcc/arm-elf/4.3.2/../../../../arm-elf/lib\libg.a(lib_a-syscalls.o)
 .rodata        0x0010efb0        0x4 c:/yagarto/bin/../lib/gcc/arm-elf/4.3.2/../../../../arm-elf/lib\libg.a(lib_a-impure.o)
                0x0010efb0                _global_impure_ptr
 .rodata.str1.4
                0x0010efb4        0x4 c:/yagarto/bin/../lib/gcc/arm-elf/4.3.2/../../../../arm-elf/lib\libg.a(lib_a-impure.o)
                0x0010efb8                . = ALIGN (0x4)
                0x0010efb8                _efixed = .

.glue_7         0x0010efb8        0x0
 .glue_7        0x0010efb8        0x0 obj/flash-bl_board_cstartup-bl.o
 .glue_7        0x0010efb8        0x0 obj/flash-bl_main.o
 .glue_7        0x0010efb8        0x0 obj/flash-bl_board_lowlevel.o
 .glue_7        0x0010efb8        0x0 obj/flash-bl_pmc.o
 .glue_7        0x0010efb8        0x0 obj/flash-bl_fat.o
 .glue_7        0x0010efb8        0x0 obj/flash-bl_serial.o
 .glue_7        0x0010efb8        0x0 obj/flash-bl_spi.o
 .glue_7        0x0010efb8        0x0 obj/flash-bl_i2c.o
 .glue_7        0x0010efb8        0x0 obj/flash-bl_sdcard.o
 .glue_7        0x0010efb8        0x0 obj/flash-bl_usb_bot.o
 .glue_7        0x0010efb8        0x0 obj/flash-bl_usb_drv.o
 .glue_7        0x0010efb8        0x0 obj/flash-bl_usb_dsc.o
 .glue_7        0x0010efb8        0x0 obj/flash-bl_usb_lun.o
 .glue_7        0x0010efb8        0x0 obj/flash-bl_usb_sbc_func.o
 .glue_7        0x0010efb8        0x0 obj/flash-bl_usb_std.o
 .glue_7        0x0010efb8        0x0 obj/flash-bl_delay.o
 .glue_7        0x0010efb8        0x0 obj/flash-bl_rprintf.o
 .glue_7        0x0010efb8        0x0 obj/flash-bl_screen.o
 .glue_7        0x0010efb8        0x0 obj/flash-bl_oled.o
 .glue_7        0x0010efb8        0x0 obj/flash-bl_font.o
 .glue_7        0x0010efb8        0x0 obj/flash-bl_abort.o
 .glue_7        0x0010efb8        0x0 obj/flash-bl_interrupt_utils.o
 .glue_7        0x0010efb8        0x0 obj/flash-bl_usb_irq.o
 .glue_7        0x0010efb8        0x0 obj/flash-bl_time.o
 .glue_7        0x0010efb8        0x0 c:/yagarto/bin/../lib/gcc/arm-elf/4.3.2\libgcc.a(_udivsi3.o)
 .glue_7        0x0010efb8        0x0 c:/yagarto/bin/../lib/gcc/arm-elf/4.3.2\libgcc.a(_divsi3.o)
 .glue_7        0x0010efb8        0x0 c:/yagarto/bin/../lib/gcc/arm-elf/4.3.2\libgcc.a(_umodsi3.o)
 .glue_7        0x0010efb8        0x0 c:/yagarto/bin/../lib/gcc/arm-elf/4.3.2\libgcc.a(_dvmd_tls.o)
 .glue_7        0x0010efb8        0x0 c:/yagarto/bin/../lib/gcc/arm-elf/4.3.2/../../../../arm-elf/lib\libg.a(lib_a-ctype_.o)
 .glue_7        0x0010efb8        0x0 c:/yagarto/bin/../lib/gcc/arm-elf/4.3.2/../../../../arm-elf/lib\libg.a(lib_a-malloc.o)
 .glue_7        0x0010efb8        0x0 c:/yagarto/bin/../lib/gcc/arm-elf/4.3.2/../../../../arm-elf/lib\libg.a(lib_a-mallocr.o)
 .glue_7        0x0010efb8        0x0 c:/yagarto/bin/../lib/gcc/arm-elf/4.3.2/../../../../arm-elf/lib\libg.a(lib_a-memcpy.o)
 .glue_7        0x0010efb8        0x0 c:/yagarto/bin/../lib/gcc/arm-elf/4.3.2/../../../../arm-elf/lib\libg.a(lib_a-memset.o)
 .glue_7        0x0010efb8        0x0 c:/yagarto/bin/../lib/gcc/arm-elf/4.3.2/../../../../arm-elf/lib\libg.a(lib_a-mlock.o)
 .glue_7        0x0010efb8        0x0 c:/yagarto/bin/../lib/gcc/arm-elf/4.3.2/../../../../arm-elf/lib\libg.a(lib_a-sbrkr.o)
 .glue_7        0x0010efb8        0x0 c:/yagarto/bin/../lib/gcc/arm-elf/4.3.2/../../../../arm-elf/lib\libg.a(lib_a-strchr.o)
 .glue_7        0x0010efb8        0x0 c:/yagarto/bin/../lib/gcc/arm-elf/4.3.2/../../../../arm-elf/lib\libg.a(lib_a-strcmp.o)
 .glue_7        0x0010efb8        0x0 c:/yagarto/bin/../lib/gcc/arm-elf/4.3.2/../../../../arm-elf/lib\libg.a(lib_a-strcpy.o)
 .glue_7        0x0010efb8        0x0 c:/yagarto/bin/../lib/gcc/arm-elf/4.3.2/../../../../arm-elf/lib\libg.a(lib_a-strlen.o)
 .glue_7        0x0010efb8        0x0 c:/yagarto/bin/../lib/gcc/arm-elf/4.3.2/../../../../arm-elf/lib\libg.a(lib_a-strnlen.o)
 .glue_7        0x0010efb8        0x0 c:/yagarto/bin/../lib/gcc/arm-elf/4.3.2/../../../../arm-elf/lib\libg.a(lib_a-syscalls.o)
 .glue_7        0x0010efb8        0x0 c:/yagarto/bin/../lib/gcc/arm-elf/4.3.2/../../../../arm-elf/lib\libg.a(lib_a-errno.o)
 .glue_7        0x0010efb8        0x0 c:/yagarto/bin/../lib/gcc/arm-elf/4.3.2/../../../../arm-elf/lib\libg.a(lib_a-findfp.o)
 .glue_7        0x0010efb8        0x0 c:/yagarto/bin/../lib/gcc/arm-elf/4.3.2/../../../../arm-elf/lib\libg.a(lib_a-freer.o)
 .glue_7        0x0010efb8        0x0 c:/yagarto/bin/../lib/gcc/arm-elf/4.3.2/../../../../arm-elf/lib\libg.a(lib_a-fwalk.o)
 .glue_7        0x0010efb8        0x0 c:/yagarto/bin/../lib/gcc/arm-elf/4.3.2/../../../../arm-elf/lib\libg.a(lib_a-impure.o)
 .glue_7        0x0010efb8        0x0 c:/yagarto/bin/../lib/gcc/arm-elf/4.3.2/../../../../arm-elf/lib\libg.a(lib_a-reent.o)
 .glue_7        0x0010efb8        0x0 c:/yagarto/bin/../lib/gcc/arm-elf/4.3.2/../../../../arm-elf/lib\libg.a(lib_a-stdio.o)
 .glue_7        0x0010efb8        0x0 c:/yagarto/bin/../lib/gcc/arm-elf/4.3.2/../../../../arm-elf/lib\libg.a(lib_a-writer.o)
 .glue_7        0x0010efb8        0x0 c:/yagarto/bin/../lib/gcc/arm-elf/4.3.2/../../../../arm-elf/lib\libg.a(lib_a-closer.o)
 .glue_7        0x0010efb8        0x0 c:/yagarto/bin/../lib/gcc/arm-elf/4.3.2/../../../../arm-elf/lib\libg.a(lib_a-fclose.o)
 .glue_7        0x0010efb8        0x0 c:/yagarto/bin/../lib/gcc/arm-elf/4.3.2/../../../../arm-elf/lib\libg.a(lib_a-fflush.o)
 .glue_7        0x0010efb8        0x0 c:/yagarto/bin/../lib/gcc/arm-elf/4.3.2/../../../../arm-elf/lib\libg.a(lib_a-lseekr.o)
 .glue_7        0x0010efb8        0x0 c:/yagarto/bin/../lib/gcc/arm-elf/4.3.2/../../../../arm-elf/lib\libg.a(lib_a-readr.o)

.glue_7t        0x0010efb8        0x0
 .glue_7t       0x0010efb8        0x0 obj/flash-bl_board_cstartup-bl.o
 .glue_7t       0x0010efb8        0x0 obj/flash-bl_main.o
 .glue_7t       0x0010efb8        0x0 obj/flash-bl_board_lowlevel.o
 .glue_7t       0x0010efb8        0x0 obj/flash-bl_pmc.o
 .glue_7t       0x0010efb8        0x0 obj/flash-bl_fat.o
 .glue_7t       0x0010efb8        0x0 obj/flash-bl_serial.o
 .glue_7t       0x0010efb8        0x0 obj/flash-bl_spi.o
 .glue_7t       0x0010efb8        0x0 obj/flash-bl_i2c.o
 .glue_7t       0x0010efb8        0x0 obj/flash-bl_sdcard.o
 .glue_7t       0x0010efb8        0x0 obj/flash-bl_usb_bot.o
 .glue_7t       0x0010efb8        0x0 obj/flash-bl_usb_drv.o
 .glue_7t       0x0010efb8        0x0 obj/flash-bl_usb_dsc.o
 .glue_7t       0x0010efb8        0x0 obj/flash-bl_usb_lun.o
 .glue_7t       0x0010efb8        0x0 obj/flash-bl_usb_sbc_func.o
 .glue_7t       0x0010efb8        0x0 obj/flash-bl_usb_std.o
 .glue_7t       0x0010efb8        0x0 obj/flash-bl_delay.o
 .glue_7t       0x0010efb8        0x0 obj/flash-bl_rprintf.o
 .glue_7t       0x0010efb8        0x0 obj/flash-bl_screen.o
 .glue_7t       0x0010efb8        0x0 obj/flash-bl_oled.o
 .glue_7t       0x0010efb8        0x0 obj/flash-bl_font.o
 .glue_7t       0x0010efb8        0x0 obj/flash-bl_abort.o
 .glue_7t       0x0010efb8        0x0 obj/flash-bl_interrupt_utils.o
 .glue_7t       0x0010efb8        0x0 obj/flash-bl_usb_irq.o
 .glue_7t       0x0010efb8        0x0 obj/flash-bl_time.o
 .glue_7t       0x0010efb8        0x0 c:/yagarto/bin/../lib/gcc/arm-elf/4.3.2\libgcc.a(_udivsi3.o)
 .glue_7t       0x0010efb8        0x0 c:/yagarto/bin/../lib/gcc/arm-elf/4.3.2\libgcc.a(_divsi3.o)
 .glue_7t       0x0010efb8        0x0 c:/yagarto/bin/../lib/gcc/arm-elf/4.3.2\libgcc.a(_umodsi3.o)
 .glue_7t       0x0010efb8        0x0 c:/yagarto/bin/../lib/gcc/arm-elf/4.3.2\libgcc.a(_dvmd_tls.o)
 .glue_7t       0x0010efb8        0x0 c:/yagarto/bin/../lib/gcc/arm-elf/4.3.2/../../../../arm-elf/lib\libg.a(lib_a-ctype_.o)
 .glue_7t       0x0010efb8        0x0 c:/yagarto/bin/../lib/gcc/arm-elf/4.3.2/../../../../arm-elf/lib\libg.a(lib_a-malloc.o)
 .glue_7t       0x0010efb8        0x0 c:/yagarto/bin/../lib/gcc/arm-elf/4.3.2/../../../../arm-elf/lib\libg.a(lib_a-mallocr.o)
 .glue_7t       0x0010efb8        0x0 c:/yagarto/bin/../lib/gcc/arm-elf/4.3.2/../../../../arm-elf/lib\libg.a(lib_a-memcpy.o)
 .glue_7t       0x0010efb8        0x0 c:/yagarto/bin/../lib/gcc/arm-elf/4.3.2/../../../../arm-elf/lib\libg.a(lib_a-memset.o)
 .glue_7t       0x0010efb8        0x0 c:/yagarto/bin/../lib/gcc/arm-elf/4.3.2/../../../../arm-elf/lib\libg.a(lib_a-mlock.o)
 .glue_7t       0x0010efb8        0x0 c:/yagarto/bin/../lib/gcc/arm-elf/4.3.2/../../../../arm-elf/lib\libg.a(lib_a-sbrkr.o)
 .glue_7t       0x0010efb8        0x0 c:/yagarto/bin/../lib/gcc/arm-elf/4.3.2/../../../../arm-elf/lib\libg.a(lib_a-strchr.o)
 .glue_7t       0x0010efb8        0x0 c:/yagarto/bin/../lib/gcc/arm-elf/4.3.2/../../../../arm-elf/lib\libg.a(lib_a-strcmp.o)
 .glue_7t       0x0010efb8        0x0 c:/yagarto/bin/../lib/gcc/arm-elf/4.3.2/../../../../arm-elf/lib\libg.a(lib_a-strcpy.o)
 .glue_7t       0x0010efb8        0x0 c:/yagarto/bin/../lib/gcc/arm-elf/4.3.2/../../../../arm-elf/lib\libg.a(lib_a-strlen.o)
 .glue_7t       0x0010efb8        0x0 c:/yagarto/bin/../lib/gcc/arm-elf/4.3.2/../../../../arm-elf/lib\libg.a(lib_a-strnlen.o)
 .glue_7t       0x0010efb8        0x0 c:/yagarto/bin/../lib/gcc/arm-elf/4.3.2/../../../../arm-elf/lib\libg.a(lib_a-syscalls.o)
 .glue_7t       0x0010efb8        0x0 c:/yagarto/bin/../lib/gcc/arm-elf/4.3.2/../../../../arm-elf/lib\libg.a(lib_a-errno.o)
 .glue_7t       0x0010efb8        0x0 c:/yagarto/bin/../lib/gcc/arm-elf/4.3.2/../../../../arm-elf/lib\libg.a(lib_a-findfp.o)
 .glue_7t       0x0010efb8        0x0 c:/yagarto/bin/../lib/gcc/arm-elf/4.3.2/../../../../arm-elf/lib\libg.a(lib_a-freer.o)
 .glue_7t       0x0010efb8        0x0 c:/yagarto/bin/../lib/gcc/arm-elf/4.3.2/../../../../arm-elf/lib\libg.a(lib_a-fwalk.o)
 .glue_7t       0x0010efb8        0x0 c:/yagarto/bin/../lib/gcc/arm-elf/4.3.2/../../../../arm-elf/lib\libg.a(lib_a-impure.o)
 .glue_7t       0x0010efb8        0x0 c:/yagarto/bin/../lib/gcc/arm-elf/4.3.2/../../../../arm-elf/lib\libg.a(lib_a-reent.o)
 .glue_7t       0x0010efb8        0x0 c:/yagarto/bin/../lib/gcc/arm-elf/4.3.2/../../../../arm-elf/lib\libg.a(lib_a-stdio.o)
 .glue_7t       0x0010efb8        0x0 c:/yagarto/bin/../lib/gcc/arm-elf/4.3.2/../../../../arm-elf/lib\libg.a(lib_a-writer.o)
 .glue_7t       0x0010efb8        0x0 c:/yagarto/bin/../lib/gcc/arm-elf/4.3.2/../../../../arm-elf/lib\libg.a(lib_a-closer.o)
 .glue_7t       0x0010efb8        0x0 c:/yagarto/bin/../lib/gcc/arm-elf/4.3.2/../../../../arm-elf/lib\libg.a(lib_a-fclose.o)
 .glue_7t       0x0010efb8        0x0 c:/yagarto/bin/../lib/gcc/arm-elf/4.3.2/../../../../arm-elf/lib\libg.a(lib_a-fflush.o)
 .glue_7t       0x0010efb8        0x0 c:/yagarto/bin/../lib/gcc/arm-elf/4.3.2/../../../../arm-elf/lib\libg.a(lib_a-lseekr.o)
 .glue_7t       0x0010efb8        0x0 c:/yagarto/bin/../lib/gcc/arm-elf/4.3.2/../../../../arm-elf/lib\libg.a(lib_a-readr.o)

.vfp11_veneer   0x0010efb8        0x0
 .vfp11_veneer  0x0010efb8        0x0 obj/flash-bl_board_cstartup-bl.o
 .vfp11_veneer  0x0010efb8        0x0 obj/flash-bl_main.o
 .vfp11_veneer  0x0010efb8        0x0 obj/flash-bl_board_lowlevel.o
 .vfp11_veneer  0x0010efb8        0x0 obj/flash-bl_pmc.o
 .vfp11_veneer  0x0010efb8        0x0 obj/flash-bl_fat.o
 .vfp11_veneer  0x0010efb8        0x0 obj/flash-bl_serial.o
 .vfp11_veneer  0x0010efb8        0x0 obj/flash-bl_spi.o
 .vfp11_veneer  0x0010efb8        0x0 obj/flash-bl_i2c.o
 .vfp11_veneer  0x0010efb8        0x0 obj/flash-bl_sdcard.o
 .vfp11_veneer  0x0010efb8        0x0 obj/flash-bl_usb_bot.o
 .vfp11_veneer  0x0010efb8        0x0 obj/flash-bl_usb_drv.o
 .vfp11_veneer  0x0010efb8        0x0 obj/flash-bl_usb_dsc.o
 .vfp11_veneer  0x0010efb8        0x0 obj/flash-bl_usb_lun.o
 .vfp11_veneer  0x0010efb8        0x0 obj/flash-bl_usb_sbc_func.o
 .vfp11_veneer  0x0010efb8        0x0 obj/flash-bl_usb_std.o
 .vfp11_veneer  0x0010efb8        0x0 obj/flash-bl_delay.o
 .vfp11_veneer  0x0010efb8        0x0 obj/flash-bl_rprintf.o
 .vfp11_veneer  0x0010efb8        0x0 obj/flash-bl_screen.o
 .vfp11_veneer  0x0010efb8        0x0 obj/flash-bl_oled.o
 .vfp11_veneer  0x0010efb8        0x0 obj/flash-bl_font.o
 .vfp11_veneer  0x0010efb8        0x0 obj/flash-bl_abort.o
 .vfp11_veneer  0x0010efb8        0x0 obj/flash-bl_interrupt_utils.o
 .vfp11_veneer  0x0010efb8        0x0 obj/flash-bl_usb_irq.o
 .vfp11_veneer  0x0010efb8        0x0 obj/flash-bl_time.o
 .vfp11_veneer  0x0010efb8        0x0 c:/yagarto/bin/../lib/gcc/arm-elf/4.3.2\libgcc.a(_udivsi3.o)
 .vfp11_veneer  0x0010efb8        0x0 c:/yagarto/bin/../lib/gcc/arm-elf/4.3.2\libgcc.a(_divsi3.o)
 .vfp11_veneer  0x0010efb8        0x0 c:/yagarto/bin/../lib/gcc/arm-elf/4.3.2\libgcc.a(_umodsi3.o)
 .vfp11_veneer  0x0010efb8        0x0 c:/yagarto/bin/../lib/gcc/arm-elf/4.3.2\libgcc.a(_dvmd_tls.o)
 .vfp11_veneer  0x0010efb8        0x0 c:/yagarto/bin/../lib/gcc/arm-elf/4.3.2/../../../../arm-elf/lib\libg.a(lib_a-ctype_.o)
 .vfp11_veneer  0x0010efb8        0x0 c:/yagarto/bin/../lib/gcc/arm-elf/4.3.2/../../../../arm-elf/lib\libg.a(lib_a-malloc.o)
 .vfp11_veneer  0x0010efb8        0x0 c:/yagarto/bin/../lib/gcc/arm-elf/4.3.2/../../../../arm-elf/lib\libg.a(lib_a-mallocr.o)
 .vfp11_veneer  0x0010efb8        0x0 c:/yagarto/bin/../lib/gcc/arm-elf/4.3.2/../../../../arm-elf/lib\libg.a(lib_a-memcpy.o)
 .vfp11_veneer  0x0010efb8        0x0 c:/yagarto/bin/../lib/gcc/arm-elf/4.3.2/../../../../arm-elf/lib\libg.a(lib_a-memset.o)
 .vfp11_veneer  0x0010efb8        0x0 c:/yagarto/bin/../lib/gcc/arm-elf/4.3.2/../../../../arm-elf/lib\libg.a(lib_a-mlock.o)
 .vfp11_veneer  0x0010efb8        0x0 c:/yagarto/bin/../lib/gcc/arm-elf/4.3.2/../../../../arm-elf/lib\libg.a(lib_a-sbrkr.o)
 .vfp11_veneer  0x0010efb8        0x0 c:/yagarto/bin/../lib/gcc/arm-elf/4.3.2/../../../../arm-elf/lib\libg.a(lib_a-strchr.o)
 .vfp11_veneer  0x0010efb8        0x0 c:/yagarto/bin/../lib/gcc/arm-elf/4.3.2/../../../../arm-elf/lib\libg.a(lib_a-strcmp.o)
 .vfp11_veneer  0x0010efb8        0x0 c:/yagarto/bin/../lib/gcc/arm-elf/4.3.2/../../../../arm-elf/lib\libg.a(lib_a-strcpy.o)
 .vfp11_veneer  0x0010efb8        0x0 c:/yagarto/bin/../lib/gcc/arm-elf/4.3.2/../../../../arm-elf/lib\libg.a(lib_a-strlen.o)
 .vfp11_veneer  0x0010efb8        0x0 c:/yagarto/bin/../lib/gcc/arm-elf/4.3.2/../../../../arm-elf/lib\libg.a(lib_a-strnlen.o)
 .vfp11_veneer  0x0010efb8        0x0 c:/yagarto/bin/../lib/gcc/arm-elf/4.3.2/../../../../arm-elf/lib\libg.a(lib_a-syscalls.o)
 .vfp11_veneer  0x0010efb8        0x0 c:/yagarto/bin/../lib/gcc/arm-elf/4.3.2/../../../../arm-elf/lib\libg.a(lib_a-errno.o)
 .vfp11_veneer  0x0010efb8        0x0 c:/yagarto/bin/../lib/gcc/arm-elf/4.3.2/../../../../arm-elf/lib\libg.a(lib_a-findfp.o)
 .vfp11_veneer  0x0010efb8        0x0 c:/yagarto/bin/../lib/gcc/arm-elf/4.3.2/../../../../arm-elf/lib\libg.a(lib_a-freer.o)
 .vfp11_veneer  0x0010efb8        0x0 c:/yagarto/bin/../lib/gcc/arm-elf/4.3.2/../../../../arm-elf/lib\libg.a(lib_a-fwalk.o)
 .vfp11_veneer  0x0010efb8        0x0 c:/yagarto/bin/../lib/gcc/arm-elf/4.3.2/../../../../arm-elf/lib\libg.a(lib_a-impure.o)
 .vfp11_veneer  0x0010efb8        0x0 c:/yagarto/bin/../lib/gcc/arm-elf/4.3.2/../../../../arm-elf/lib\libg.a(lib_a-reent.o)
 .vfp11_veneer  0x0010efb8        0x0 c:/yagarto/bin/../lib/gcc/arm-elf/4.3.2/../../../../arm-elf/lib\libg.a(lib_a-stdio.o)
 .vfp11_veneer  0x0010efb8        0x0 c:/yagarto/bin/../lib/gcc/arm-elf/4.3.2/../../../../arm-elf/lib\libg.a(lib_a-writer.o)
 .vfp11_veneer  0x0010efb8        0x0 c:/yagarto/bin/../lib/gcc/arm-elf/4.3.2/../../../../arm-elf/lib\libg.a(lib_a-closer.o)
 .vfp11_veneer  0x0010efb8        0x0 c:/yagarto/bin/../lib/gcc/arm-elf/4.3.2/../../../../arm-elf/lib\libg.a(lib_a-fclose.o)
 .vfp11_veneer  0x0010efb8        0x0 c:/yagarto/bin/../lib/gcc/arm-elf/4.3.2/../../../../arm-elf/lib\libg.a(lib_a-fflush.o)
 .vfp11_veneer  0x0010efb8        0x0 c:/yagarto/bin/../lib/gcc/arm-elf/4.3.2/../../../../arm-elf/lib\libg.a(lib_a-lseekr.o)
 .vfp11_veneer  0x0010efb8        0x0 c:/yagarto/bin/../lib/gcc/arm-elf/4.3.2/../../../../arm-elf/lib\libg.a(lib_a-readr.o)

.relocate       0x00200000     0x18e4 load address 0x0010efb8
                0x00200000                . = ALIGN (0x4)
                0x00200000                _srelocate = .
 *(.vectors)
 .vectors       0x00200000       0x70 obj/flash-bl_board_cstartup-bl.o
 *(.ramfunc)
 *(.data)
 .data          0x00200070        0xc obj/flash-bl_main.o
                0x00200074                pPIOB
                0x00200070                pPIOA
 .data          0x0020007c        0x4 obj/flash-bl_pmc.o
                0x0020007c                pPMC
 .data          0x00200080        0x4 obj/flash-bl_fat.o
 .data          0x00200084        0x8 obj/flash-bl_serial.o
                0x00200084                pDBG_USART
                0x00200088                pDBG_PIO
 .data          0x0020008c        0x8 obj/flash-bl_spi.o
                0x0020008c                pSPI
                0x00200090                pSPI_PIO
 .data          0x00200094        0x4 obj/flash-bl_usb_bot.o
                0x00200094                pBot
 .data          0x00200098       0x20 obj/flash-bl_usb_drv.o
                0x002000a0                usb_device_state
                0x002000b4                pUSB_PIO
                0x002000a8                pEndpoint
                0x0020009c                pUDP
                0x00200098                pAIC
                0x002000a4                pSetup
 .data          0x002000b8       0x10 obj/flash-bl_usb_dsc.o
                0x002000b8                pStringDescriptors
 .data          0x002000c8     0x1004 obj/flash-bl_font.o
                0x002010c8                fontColor
 .data          0x002010cc        0x4 c:/yagarto/bin/../lib/gcc/arm-elf/4.3.2/../../../../arm-elf/lib\libg.a(lib_a-ctype_.o)
                0x002010cc                __ctype_ptr
 .data          0x002010d0      0x410 c:/yagarto/bin/../lib/gcc/arm-elf/4.3.2/../../../../arm-elf/lib\libg.a(lib_a-mallocr.o)
                0x002014dc                __malloc_sbrk_base
                0x002010d0                __malloc_av_
                0x002014d8                __malloc_trim_threshold
 .data          0x002014e0      0x404 c:/yagarto/bin/../lib/gcc/arm-elf/4.3.2/../../../../arm-elf/lib\libg.a(lib_a-impure.o)
                0x002014e0                _impure_ptr
                0x002018e4                . = ALIGN (0x4)
                0x002018e4                _erelocate = .

.bss            0x002018e4     0x12a4 load address 0x0011089c
                0x002018e4                _szero = .
 *(.bss)
 .bss           0x002018e4       0x2c obj/flash-bl_main.o
                0x002018e4                scrbuf
 .bss           0x00201910      0x200 obj/flash-bl_fat.o
 .bss           0x00201b10        0x2 obj/flash-bl_sdcard.o
                0x00201b11                sdhc_card
                0x00201b10                ver2_card
 *fill*         0x00201b12        0x2 00
 .bss           0x00201b14        0xc obj/flash-bl_font.o
                0x00201b1c                fontCurrPosY
                0x00201b18                fontCurrPosX
                0x00201b14                fontBgColor
                0x00201b1a                fontCarridgeReturnPosX
 .bss           0x00201b20       0x34 c:/yagarto/bin/../lib/gcc/arm-elf/4.3.2/../../../../arm-elf/lib\libg.a(lib_a-mallocr.o)
                0x00201b20                __malloc_top_pad
                0x00201b24                __malloc_max_sbrked_mem
                0x00201b2c                __malloc_current_mallinfo
                0x00201b28                __malloc_max_total_mem
 .bss           0x00201b54       0xb0 c:/yagarto/bin/../lib/gcc/arm-elf/4.3.2/../../../../arm-elf/lib\libg.a(lib_a-syscalls.o)
                0x00201c04                . = ALIGN (0x4)
                0x00201c04                _ezero = .
 COMMON         0x00201c04      0xa08 obj/flash-bl_main.o
                0x00201c04                gen_buffer
                0x00202404                extcall
                0x00202408                rbuf
                0x00202608                extmem
 COMMON         0x0020260c       0x39 obj/flash-bl_fat.o
                0x0020260c                bytes_per_sector
                0x00202610                num_clusters
                0x00202614                first_dir_sector
                0x00202618                root_dir_cluster
                0x0020261c                num_fat_sectors
                0x00202620                sectors_per_cluster
                0x00202624                current_dir_cluster
                0x00202628                first_fat_sector
                0x0020262c                first_data_sector
                0x00202630                root_dir_sectors
                0x00202632                bytes_per_cluster
                0x00202634                fd_handles
                0x00202644                isFAT32
 *fill*         0x00202645        0x3 00
 COMMON         0x00202648      0x204 obj/flash-bl_sdcard.o
                0x00202648                sd_sectorbuffer
                0x00202848                sd_numsectors
 COMMON         0x0020284c       0x4c obj/flash-bl_usb_bot.o
                0x0020284c                bot_struct
 COMMON         0x00202898       0x78 obj/flash-bl_usb_drv.o
                0x00202898                usb_configuration
                0x00202899                usb_epdata
                0x00202908                usb_setup
 COMMON         0x00202910       0x30 obj/flash-bl_usb_lun.o
                0x00202910                pLun
 COMMON         0x00202940        0xc obj/flash-bl_screen.o
                0x00202940                scrscrX2
                0x00202942                scrscrY2
                0x00202944                scrscrY1
                0x00202946                scrrot
                0x00202948                scrscrX1
                0x0020294a                scrmirror
 COMMON         0x0020294c      0x230 obj/flash-bl_font.o
                0x0020294c                fontBuf
 COMMON         0x00202b7c        0x6 obj/flash-bl_time.o
                0x00202b7c                timeval
                0x00202b80                tick1s
 *fill*         0x00202b82        0x2 00
 COMMON         0x00202b84        0x4 c:/yagarto/bin/../lib/gcc/arm-elf/4.3.2/../../../../arm-elf/lib\libg.a(lib_a-reent.o)
                0x00202b84                errno
                0x00208000                _sstack = 0x208000
                0x00202b88                end = .
OUTPUT(bin/bl-ev2-rev0-btwwev-2-at91sam7se512-flash-bl.elf elf32-littlearm)

.ARM.attributes
                0x00000000       0x10
 .ARM.attributes
                0x00000000       0x10 obj/flash-bl_board_cstartup-bl.o
 .ARM.attributes
                0x00000010       0x10 obj/flash-bl_main.o
 .ARM.attributes
                0x00000020       0x10 obj/flash-bl_board_lowlevel.o
 .ARM.attributes
                0x00000030       0x10 obj/flash-bl_pmc.o
 .ARM.attributes
                0x00000040       0x10 obj/flash-bl_fat.o
 .ARM.attributes
                0x00000050       0x10 obj/flash-bl_serial.o
 .ARM.attributes
                0x00000060       0x10 obj/flash-bl_spi.o
 .ARM.attributes
                0x00000070       0x10 obj/flash-bl_i2c.o
 .ARM.attributes
                0x00000080       0x10 obj/flash-bl_sdcard.o
 .ARM.attributes
                0x00000090       0x10 obj/flash-bl_usb_bot.o
 .ARM.attributes
                0x000000a0       0x10 obj/flash-bl_usb_drv.o
 .ARM.attributes
                0x000000b0       0x10 obj/flash-bl_usb_dsc.o
 .ARM.attributes
                0x000000c0       0x10 obj/flash-bl_usb_lun.o
 .ARM.attributes
                0x000000d0       0x10 obj/flash-bl_usb_sbc_func.o
 .ARM.attributes
                0x000000e0       0x10 obj/flash-bl_usb_std.o
 .ARM.attributes
                0x000000f0       0x10 obj/flash-bl_delay.o
 .ARM.attributes
                0x00000100       0x10 obj/flash-bl_rprintf.o
 .ARM.attributes
                0x00000110       0x10 obj/flash-bl_screen.o
 .ARM.attributes
                0x00000120       0x10 obj/flash-bl_oled.o
 .ARM.attributes
                0x00000130       0x10 obj/flash-bl_font.o
 .ARM.attributes
                0x00000140       0x10 obj/flash-bl_abort.o
 .ARM.attributes
                0x00000150       0x10 obj/flash-bl_interrupt_utils.o
 .ARM.attributes
                0x00000160       0x10 obj/flash-bl_usb_irq.o
 .ARM.attributes
                0x00000170       0x10 obj/flash-bl_time.o
 .ARM.attributes
                0x00000180       0x10 c:/yagarto/bin/../lib/gcc/arm-elf/4.3.2\libgcc.a(_udivsi3.o)
 .ARM.attributes
                0x00000190       0x10 c:/yagarto/bin/../lib/gcc/arm-elf/4.3.2\libgcc.a(_divsi3.o)
 .ARM.attributes
                0x000001a0       0x10 c:/yagarto/bin/../lib/gcc/arm-elf/4.3.2\libgcc.a(_umodsi3.o)
 .ARM.attributes
                0x000001b0       0x10 c:/yagarto/bin/../lib/gcc/arm-elf/4.3.2\libgcc.a(_dvmd_tls.o)
 .ARM.attributes
                0x000001c0       0x10 c:/yagarto/bin/../lib/gcc/arm-elf/4.3.2/../../../../arm-elf/lib\libg.a(lib_a-ctype_.o)
 .ARM.attributes
                0x000001d0       0x10 c:/yagarto/bin/../lib/gcc/arm-elf/4.3.2/../../../../arm-elf/lib\libg.a(lib_a-malloc.o)
 .ARM.attributes
                0x000001e0       0x10 c:/yagarto/bin/../lib/gcc/arm-elf/4.3.2/../../../../arm-elf/lib\libg.a(lib_a-mallocr.o)
 .ARM.attributes
                0x000001f0       0x10 c:/yagarto/bin/../lib/gcc/arm-elf/4.3.2/../../../../arm-elf/lib\libg.a(lib_a-memcpy.o)
 .ARM.attributes
                0x00000200       0x10 c:/yagarto/bin/../lib/gcc/arm-elf/4.3.2/../../../../arm-elf/lib\libg.a(lib_a-memset.o)
 .ARM.attributes
                0x00000210       0x10 c:/yagarto/bin/../lib/gcc/arm-elf/4.3.2/../../../../arm-elf/lib\libg.a(lib_a-mlock.o)
 .ARM.attributes
                0x00000220       0x10 c:/yagarto/bin/../lib/gcc/arm-elf/4.3.2/../../../../arm-elf/lib\libg.a(lib_a-sbrkr.o)
 .ARM.attributes
                0x00000230       0x10 c:/yagarto/bin/../lib/gcc/arm-elf/4.3.2/../../../../arm-elf/lib\libg.a(lib_a-strchr.o)
 .ARM.attributes
                0x00000240       0x10 c:/yagarto/bin/../lib/gcc/arm-elf/4.3.2/../../../../arm-elf/lib\libg.a(lib_a-strcmp.o)
 .ARM.attributes
                0x00000250       0x10 c:/yagarto/bin/../lib/gcc/arm-elf/4.3.2/../../../../arm-elf/lib\libg.a(lib_a-strcpy.o)
 .ARM.attributes
                0x00000260       0x10 c:/yagarto/bin/../lib/gcc/arm-elf/4.3.2/../../../../arm-elf/lib\libg.a(lib_a-strlen.o)
 .ARM.attributes
                0x00000270       0x10 c:/yagarto/bin/../lib/gcc/arm-elf/4.3.2/../../../../arm-elf/lib\libg.a(lib_a-strnlen.o)
 .ARM.attributes
                0x00000280       0x10 c:/yagarto/bin/../lib/gcc/arm-elf/4.3.2/../../../../arm-elf/lib\libg.a(lib_a-syscalls.o)
 .ARM.attributes
                0x00000290       0x10 c:/yagarto/bin/../lib/gcc/arm-elf/4.3.2/../../../../arm-elf/lib\libg.a(lib_a-errno.o)
 .ARM.attributes
                0x000002a0       0x10 c:/yagarto/bin/../lib/gcc/arm-elf/4.3.2/../../../../arm-elf/lib\libg.a(lib_a-findfp.o)
 .ARM.attributes
                0x000002b0       0x10 c:/yagarto/bin/../lib/gcc/arm-elf/4.3.2/../../../../arm-elf/lib\libg.a(lib_a-freer.o)
 .ARM.attributes
                0x000002c0       0x10 c:/yagarto/bin/../lib/gcc/arm-elf/4.3.2/../../../../arm-elf/lib\libg.a(lib_a-fwalk.o)
 .ARM.attributes
                0x000002d0       0x10 c:/yagarto/bin/../lib/gcc/arm-elf/4.3.2/../../../../arm-elf/lib\libg.a(lib_a-impure.o)
 .ARM.attributes
                0x000002e0       0x10 c:/yagarto/bin/../lib/gcc/arm-elf/4.3.2/../../../../arm-elf/lib\libg.a(lib_a-reent.o)
 .ARM.attributes
                0x000002f0       0x10 c:/yagarto/bin/../lib/gcc/arm-elf/4.3.2/../../../../arm-elf/lib\libg.a(lib_a-stdio.o)
 .ARM.attributes
                0x00000300       0x10 c:/yagarto/bin/../lib/gcc/arm-elf/4.3.2/../../../../arm-elf/lib\libg.a(lib_a-writer.o)
 .ARM.attributes
                0x00000310       0x10 c:/yagarto/bin/../lib/gcc/arm-elf/4.3.2/../../../../arm-elf/lib\libg.a(lib_a-closer.o)
 .ARM.attributes
                0x00000320       0x10 c:/yagarto/bin/../lib/gcc/arm-elf/4.3.2/../../../../arm-elf/lib\libg.a(lib_a-fclose.o)
 .ARM.attributes
                0x00000330       0x10 c:/yagarto/bin/../lib/gcc/arm-elf/4.3.2/../../../../arm-elf/lib\libg.a(lib_a-fflush.o)
 .ARM.attributes
                0x00000340       0x10 c:/yagarto/bin/../lib/gcc/arm-elf/4.3.2/../../../../arm-elf/lib\libg.a(lib_a-lseekr.o)
 .ARM.attributes
                0x00000350       0x10 c:/yagarto/bin/../lib/gcc/arm-elf/4.3.2/../../../../arm-elf/lib\libg.a(lib_a-readr.o)

.debug_line     0x00000000     0x4366
 .debug_line    0x00000000       0x9d obj/flash-bl_board_cstartup-bl.o
 .debug_line    0x0000009d      0x23f obj/flash-bl_main.o
 .debug_line    0x000002dc      0x153 obj/flash-bl_board_lowlevel.o
 .debug_line    0x0000042f      0x109 obj/flash-bl_pmc.o
 .debug_line    0x00000538      0x3a1 obj/flash-bl_fat.o
 .debug_line    0x000008d9       0xb0 obj/flash-bl_serial.o
 .debug_line    0x00000989       0xf3 obj/flash-bl_spi.o
 .debug_line    0x00000a7c      0x18e obj/flash-bl_i2c.o
 .debug_line    0x00000c0a      0x267 obj/flash-bl_sdcard.o
 .debug_line    0x00000e71      0x1e0 obj/flash-bl_usb_bot.o
 .debug_line    0x00001051      0x3a3 obj/flash-bl_usb_drv.o
 .debug_line    0x000013f4       0x3e obj/flash-bl_usb_dsc.o
 .debug_line    0x00001432       0xdf obj/flash-bl_usb_lun.o
 .debug_line    0x00001511      0x235 obj/flash-bl_usb_sbc_func.o
 .debug_line    0x00001746       0xdb obj/flash-bl_usb_std.o
 .debug_line    0x00001821       0x95 obj/flash-bl_delay.o
 .debug_line    0x000018b6      0x170 obj/flash-bl_rprintf.o
 .debug_line    0x00001a26      0x10c obj/flash-bl_screen.o
 .debug_line    0x00001b32      0x138 obj/flash-bl_oled.o
 .debug_line    0x00001c6a      0x148 obj/flash-bl_font.o
 .debug_line    0x00001db2       0x51 obj/flash-bl_abort.o
 .debug_line    0x00001e03       0xda obj/flash-bl_interrupt_utils.o
 .debug_line    0x00001edd       0xb4 obj/flash-bl_usb_irq.o
 .debug_line    0x00001f91       0xe3 obj/flash-bl_time.o
 .debug_line    0x00002074       0x96 c:/yagarto/bin/../lib/gcc/arm-elf/4.3.2\libgcc.a(_udivsi3.o)
 .debug_line    0x0000210a       0xa2 c:/yagarto/bin/../lib/gcc/arm-elf/4.3.2\libgcc.a(_divsi3.o)
 .debug_line    0x000021ac       0x7f c:/yagarto/bin/../lib/gcc/arm-elf/4.3.2\libgcc.a(_umodsi3.o)
 .debug_line    0x0000222b       0x6a c:/yagarto/bin/../lib/gcc/arm-elf/4.3.2\libgcc.a(_dvmd_tls.o)
 .debug_line    0x00002295       0x58 c:/yagarto/bin/../lib/gcc/arm-elf/4.3.2/../../../../arm-elf/lib\libg.a(lib_a-ctype_.o)
 .debug_line    0x000022ed      0x124 c:/yagarto/bin/../lib/gcc/arm-elf/4.3.2/../../../../arm-elf/lib\libg.a(lib_a-malloc.o)
 .debug_line    0x00002411      0x257 c:/yagarto/bin/../lib/gcc/arm-elf/4.3.2/../../../../arm-elf/lib\libg.a(lib_a-mallocr.o)
 .debug_line    0x00002668       0xf8 c:/yagarto/bin/../lib/gcc/arm-elf/4.3.2/../../../../arm-elf/lib\libg.a(lib_a-memcpy.o)
 .debug_line    0x00002760       0xfd c:/yagarto/bin/../lib/gcc/arm-elf/4.3.2/../../../../arm-elf/lib\libg.a(lib_a-memset.o)
 .debug_line    0x0000285d      0x11c c:/yagarto/bin/../lib/gcc/arm-elf/4.3.2/../../../../arm-elf/lib\libg.a(lib_a-mlock.o)
 .debug_line    0x00002979      0x11f c:/yagarto/bin/../lib/gcc/arm-elf/4.3.2/../../../../arm-elf/lib\libg.a(lib_a-sbrkr.o)
 .debug_line    0x00002a98       0x7c c:/yagarto/bin/../lib/gcc/arm-elf/4.3.2/../../../../arm-elf/lib\libg.a(lib_a-strchr.o)
 .debug_line    0x00002b14       0x84 c:/yagarto/bin/../lib/gcc/arm-elf/4.3.2/../../../../arm-elf/lib\libg.a(lib_a-strcmp.o)
 .debug_line    0x00002b98       0x81 c:/yagarto/bin/../lib/gcc/arm-elf/4.3.2/../../../../arm-elf/lib\libg.a(lib_a-strcpy.o)
 .debug_line    0x00002c19       0xc8 c:/yagarto/bin/../lib/gcc/arm-elf/4.3.2/../../../../arm-elf/lib\libg.a(lib_a-strlen.o)
 .debug_line    0x00002ce1       0xc1 c:/yagarto/bin/../lib/gcc/arm-elf/4.3.2/../../../../arm-elf/lib\libg.a(lib_a-strnlen.o)
 .debug_line    0x00002da2      0x383 c:/yagarto/bin/../lib/gcc/arm-elf/4.3.2/../../../../arm-elf/lib\libg.a(lib_a-syscalls.o)
 .debug_line    0x00003125      0x119 c:/yagarto/bin/../lib/gcc/arm-elf/4.3.2/../../../../arm-elf/lib\libg.a(lib_a-errno.o)
 .debug_line    0x0000323e      0x238 c:/yagarto/bin/../lib/gcc/arm-elf/4.3.2/../../../../arm-elf/lib\libg.a(lib_a-findfp.o)
 .debug_line    0x00003476      0x1ac c:/yagarto/bin/../lib/gcc/arm-elf/4.3.2/../../../../arm-elf/lib\libg.a(lib_a-freer.o)
 .debug_line    0x00003622      0x188 c:/yagarto/bin/../lib/gcc/arm-elf/4.3.2/../../../../arm-elf/lib\libg.a(lib_a-fwalk.o)
 .debug_line    0x000037aa      0x10a c:/yagarto/bin/../lib/gcc/arm-elf/4.3.2/../../../../arm-elf/lib\libg.a(lib_a-impure.o)
 .debug_line    0x000038b4      0x14f c:/yagarto/bin/../lib/gcc/arm-elf/4.3.2/../../../../arm-elf/lib\libg.a(lib_a-reent.o)
 .debug_line    0x00003a03      0x193 c:/yagarto/bin/../lib/gcc/arm-elf/4.3.2/../../../../arm-elf/lib\libg.a(lib_a-stdio.o)
 .debug_line    0x00003b96      0x120 c:/yagarto/bin/../lib/gcc/arm-elf/4.3.2/../../../../arm-elf/lib\libg.a(lib_a-writer.o)
 .debug_line    0x00003cb6      0x120 c:/yagarto/bin/../lib/gcc/arm-elf/4.3.2/../../../../arm-elf/lib\libg.a(lib_a-closer.o)
 .debug_line    0x00003dd6      0x187 c:/yagarto/bin/../lib/gcc/arm-elf/4.3.2/../../../../arm-elf/lib\libg.a(lib_a-fclose.o)
 .debug_line    0x00003f5d      0x1ca c:/yagarto/bin/../lib/gcc/arm-elf/4.3.2/../../../../arm-elf/lib\libg.a(lib_a-fflush.o)
 .debug_line    0x00004127      0x120 c:/yagarto/bin/../lib/gcc/arm-elf/4.3.2/../../../../arm-elf/lib\libg.a(lib_a-lseekr.o)
 .debug_line    0x00004247      0x11f c:/yagarto/bin/../lib/gcc/arm-elf/4.3.2/../../../../arm-elf/lib\libg.a(lib_a-readr.o)

.debug_info     0x00000000    0x1659f
 .debug_info    0x00000000       0x6d obj/flash-bl_board_cstartup-bl.o
 .debug_info    0x0000006d      0xd48 obj/flash-bl_main.o
 .debug_info    0x00000db5      0x931 obj/flash-bl_board_lowlevel.o
 .debug_info    0x000016e6      0x311 obj/flash-bl_pmc.o
 .debug_info    0x000019f7     0x10a3 obj/flash-bl_fat.o
 .debug_info    0x00002a9a      0x533 obj/flash-bl_serial.o
 .debug_info    0x00002fcd      0x6a9 obj/flash-bl_spi.o
 .debug_info    0x00003676      0x52f obj/flash-bl_i2c.o
 .debug_info    0x00003ba5      0x734 obj/flash-bl_sdcard.o
 .debug_info    0x000042d9      0xa8f obj/flash-bl_usb_bot.o
 .debug_info    0x00004d68      0xe37 obj/flash-bl_usb_drv.o
 .debug_info    0x00005b9f      0x561 obj/flash-bl_usb_dsc.o
 .debug_info    0x00006100      0x6e1 obj/flash-bl_usb_lun.o
 .debug_info    0x000067e1     0x1076 obj/flash-bl_usb_sbc_func.o
 .debug_info    0x00007857      0x3ed obj/flash-bl_usb_std.o
 .debug_info    0x00007c44       0xc8 obj/flash-bl_delay.o
 .debug_info    0x00007d0c      0x26d obj/flash-bl_rprintf.o
 .debug_info    0x00007f79      0x34a obj/flash-bl_screen.o
 .debug_info    0x000082c3      0x661 obj/flash-bl_oled.o
 .debug_info    0x00008924      0x2a6 obj/flash-bl_font.o
 .debug_info    0x00008bca       0xb6 obj/flash-bl_abort.o
 .debug_info    0x00008c80      0x1aa obj/flash-bl_interrupt_utils.o
 .debug_info    0x00008e2a      0x3dc obj/flash-bl_usb_irq.o
 .debug_info    0x00009206      0x58a obj/flash-bl_time.o
 .debug_info    0x00009790       0x92 c:/yagarto/bin/../lib/gcc/arm-elf/4.3.2\libgcc.a(_udivsi3.o)
 .debug_info    0x00009822       0x92 c:/yagarto/bin/../lib/gcc/arm-elf/4.3.2\libgcc.a(_divsi3.o)
 .debug_info    0x000098b4       0x92 c:/yagarto/bin/../lib/gcc/arm-elf/4.3.2\libgcc.a(_umodsi3.o)
 .debug_info    0x00009946       0x92 c:/yagarto/bin/../lib/gcc/arm-elf/4.3.2\libgcc.a(_dvmd_tls.o)
 .debug_info    0x000099d8       0x75 c:/yagarto/bin/../lib/gcc/arm-elf/4.3.2/../../../../arm-elf/lib\libg.a(lib_a-ctype_.o)
 .debug_info    0x00009a4d      0x96a c:/yagarto/bin/../lib/gcc/arm-elf/4.3.2/../../../../arm-elf/lib\libg.a(lib_a-malloc.o)
 .debug_info    0x0000a3b7      0xcca c:/yagarto/bin/../lib/gcc/arm-elf/4.3.2/../../../../arm-elf/lib\libg.a(lib_a-mallocr.o)
 .debug_info    0x0000b081      0x10e c:/yagarto/bin/../lib/gcc/arm-elf/4.3.2/../../../../arm-elf/lib\libg.a(lib_a-memcpy.o)
 .debug_info    0x0000b18f      0x113 c:/yagarto/bin/../lib/gcc/arm-elf/4.3.2/../../../../arm-elf/lib\libg.a(lib_a-memset.o)
 .debug_info    0x0000b2a2      0x953 c:/yagarto/bin/../lib/gcc/arm-elf/4.3.2/../../../../arm-elf/lib\libg.a(lib_a-mlock.o)
 .debug_info    0x0000bbf5      0x962 c:/yagarto/bin/../lib/gcc/arm-elf/4.3.2/../../../../arm-elf/lib\libg.a(lib_a-sbrkr.o)
 .debug_info    0x0000c557      0x114 c:/yagarto/bin/../lib/gcc/arm-elf/4.3.2/../../../../arm-elf/lib\libg.a(lib_a-strchr.o)
 .debug_info    0x0000c66b       0xdb c:/yagarto/bin/../lib/gcc/arm-elf/4.3.2/../../../../arm-elf/lib\libg.a(lib_a-strcmp.o)
 .debug_info    0x0000c746      0x10e c:/yagarto/bin/../lib/gcc/arm-elf/4.3.2/../../../../arm-elf/lib\libg.a(lib_a-strcpy.o)
 .debug_info    0x0000c854       0xd7 c:/yagarto/bin/../lib/gcc/arm-elf/4.3.2/../../../../arm-elf/lib\libg.a(lib_a-strlen.o)
 .debug_info    0x0000c92b       0xc9 c:/yagarto/bin/../lib/gcc/arm-elf/4.3.2/../../../../arm-elf/lib\libg.a(lib_a-strnlen.o)
 .debug_info    0x0000c9f4     0x186e c:/yagarto/bin/../lib/gcc/arm-elf/4.3.2/../../../../arm-elf/lib\libg.a(lib_a-syscalls.o)
 .debug_info    0x0000e262      0x92a c:/yagarto/bin/../lib/gcc/arm-elf/4.3.2/../../../../arm-elf/lib\libg.a(lib_a-errno.o)
 .debug_info    0x0000eb8c      0xc04 c:/yagarto/bin/../lib/gcc/arm-elf/4.3.2/../../../../arm-elf/lib\libg.a(lib_a-findfp.o)
 .debug_info    0x0000f790      0xbbf c:/yagarto/bin/../lib/gcc/arm-elf/4.3.2/../../../../arm-elf/lib\libg.a(lib_a-freer.o)
 .debug_info    0x0001034f      0xae1 c:/yagarto/bin/../lib/gcc/arm-elf/4.3.2/../../../../arm-elf/lib\libg.a(lib_a-fwalk.o)
 .debug_info    0x00010e30      0x939 c:/yagarto/bin/../lib/gcc/arm-elf/4.3.2/../../../../arm-elf/lib\libg.a(lib_a-impure.o)
 .debug_info    0x00011769      0xa1c c:/yagarto/bin/../lib/gcc/arm-elf/4.3.2/../../../../arm-elf/lib\libg.a(lib_a-reent.o)
 .debug_info    0x00012185      0xaaa c:/yagarto/bin/../lib/gcc/arm-elf/4.3.2/../../../../arm-elf/lib\libg.a(lib_a-stdio.o)
 .debug_info    0x00012c2f      0x991 c:/yagarto/bin/../lib/gcc/arm-elf/4.3.2/../../../../arm-elf/lib\libg.a(lib_a-writer.o)
 .debug_info    0x000135c0      0x956 c:/yagarto/bin/../lib/gcc/arm-elf/4.3.2/../../../../arm-elf/lib\libg.a(lib_a-closer.o)
 .debug_info    0x00013f16      0x98e c:/yagarto/bin/../lib/gcc/arm-elf/4.3.2/../../../../arm-elf/lib\libg.a(lib_a-fclose.o)
 .debug_info    0x000148a4      0x9f2 c:/yagarto/bin/../lib/gcc/arm-elf/4.3.2/../../../../arm-elf/lib\libg.a(lib_a-fflush.o)
 .debug_info    0x00015296      0x97f c:/yagarto/bin/../lib/gcc/arm-elf/4.3.2/../../../../arm-elf/lib\libg.a(lib_a-lseekr.o)
 .debug_info    0x00015c15      0x98a c:/yagarto/bin/../lib/gcc/arm-elf/4.3.2/../../../../arm-elf/lib\libg.a(lib_a-readr.o)

.debug_abbrev   0x00000000     0x41cc
 .debug_abbrev  0x00000000       0x12 obj/flash-bl_board_cstartup-bl.o
 .debug_abbrev  0x00000012      0x1a1 obj/flash-bl_main.o
 .debug_abbrev  0x000001b3      0x110 obj/flash-bl_board_lowlevel.o
 .debug_abbrev  0x000002c3       0xfe obj/flash-bl_pmc.o
 .debug_abbrev  0x000003c1      0x223 obj/flash-bl_fat.o
 .debug_abbrev  0x000005e4      0x105 obj/flash-bl_serial.o
 .debug_abbrev  0x000006e9      0x10c obj/flash-bl_spi.o
 .debug_abbrev  0x000007f5       0xfd obj/flash-bl_i2c.o
 .debug_abbrev  0x000008f2      0x1c4 obj/flash-bl_sdcard.o
 .debug_abbrev  0x00000ab6      0x200 obj/flash-bl_usb_bot.o
 .debug_abbrev  0x00000cb6      0x262 obj/flash-bl_usb_drv.o
 .debug_abbrev  0x00000f18       0x8f obj/flash-bl_usb_dsc.o
 .debug_abbrev  0x00000fa7      0x15f obj/flash-bl_usb_lun.o
 .debug_abbrev  0x00001106      0x1da obj/flash-bl_usb_sbc_func.o
 .debug_abbrev  0x000012e0       0xf5 obj/flash-bl_usb_std.o
 .debug_abbrev  0x000013d5       0x7d obj/flash-bl_delay.o
 .debug_abbrev  0x00001452      0x133 obj/flash-bl_rprintf.o
 .debug_abbrev  0x00001585       0xde obj/flash-bl_screen.o
 .debug_abbrev  0x00001663      0x110 obj/flash-bl_oled.o
 .debug_abbrev  0x00001773       0xb9 obj/flash-bl_font.o
 .debug_abbrev  0x0000182c       0x79 obj/flash-bl_abort.o
 .debug_abbrev  0x000018a5       0xaa obj/flash-bl_interrupt_utils.o
 .debug_abbrev  0x0000194f       0xde obj/flash-bl_usb_irq.o
 .debug_abbrev  0x00001a2d       0xfb obj/flash-bl_time.o
 .debug_abbrev  0x00001b28       0x14 c:/yagarto/bin/../lib/gcc/arm-elf/4.3.2\libgcc.a(_udivsi3.o)
 .debug_abbrev  0x00001b3c       0x14 c:/yagarto/bin/../lib/gcc/arm-elf/4.3.2\libgcc.a(_divsi3.o)
 .debug_abbrev  0x00001b50       0x14 c:/yagarto/bin/../lib/gcc/arm-elf/4.3.2\libgcc.a(_umodsi3.o)
 .debug_abbrev  0x00001b64       0x14 c:/yagarto/bin/../lib/gcc/arm-elf/4.3.2\libgcc.a(_dvmd_tls.o)
 .debug_abbrev  0x00001b78       0x5b c:/yagarto/bin/../lib/gcc/arm-elf/4.3.2/../../../../arm-elf/lib\libg.a(lib_a-ctype_.o)
 .debug_abbrev  0x00001bd3      0x190 c:/yagarto/bin/../lib/gcc/arm-elf/4.3.2/../../../../arm-elf/lib\libg.a(lib_a-malloc.o)
 .debug_abbrev  0x00001d63      0x22e c:/yagarto/bin/../lib/gcc/arm-elf/4.3.2/../../../../arm-elf/lib\libg.a(lib_a-mallocr.o)
 .debug_abbrev  0x00001f91       0x99 c:/yagarto/bin/../lib/gcc/arm-elf/4.3.2/../../../../arm-elf/lib\libg.a(lib_a-memcpy.o)
 .debug_abbrev  0x0000202a       0xb2 c:/yagarto/bin/../lib/gcc/arm-elf/4.3.2/../../../../arm-elf/lib\libg.a(lib_a-memset.o)
 .debug_abbrev  0x000020dc      0x173 c:/yagarto/bin/../lib/gcc/arm-elf/4.3.2/../../../../arm-elf/lib\libg.a(lib_a-mlock.o)
 .debug_abbrev  0x0000224f      0x197 c:/yagarto/bin/../lib/gcc/arm-elf/4.3.2/../../../../arm-elf/lib\libg.a(lib_a-sbrkr.o)
 .debug_abbrev  0x000023e6       0x98 c:/yagarto/bin/../lib/gcc/arm-elf/4.3.2/../../../../arm-elf/lib\libg.a(lib_a-strchr.o)
 .debug_abbrev  0x0000247e       0x7a c:/yagarto/bin/../lib/gcc/arm-elf/4.3.2/../../../../arm-elf/lib\libg.a(lib_a-strcmp.o)
 .debug_abbrev  0x000024f8       0x98 c:/yagarto/bin/../lib/gcc/arm-elf/4.3.2/../../../../arm-elf/lib\libg.a(lib_a-strcpy.o)
 .debug_abbrev  0x00002590       0x94 c:/yagarto/bin/../lib/gcc/arm-elf/4.3.2/../../../../arm-elf/lib\libg.a(lib_a-strlen.o)
 .debug_abbrev  0x00002624       0x92 c:/yagarto/bin/../lib/gcc/arm-elf/4.3.2/../../../../arm-elf/lib\libg.a(lib_a-strnlen.o)
 .debug_abbrev  0x000026b6      0x450 c:/yagarto/bin/../lib/gcc/arm-elf/4.3.2/../../../../arm-elf/lib\libg.a(lib_a-syscalls.o)
 .debug_abbrev  0x00002b06      0x168 c:/yagarto/bin/../lib/gcc/arm-elf/4.3.2/../../../../arm-elf/lib\libg.a(lib_a-errno.o)
 .debug_abbrev  0x00002c6e      0x2b3 c:/yagarto/bin/../lib/gcc/arm-elf/4.3.2/../../../../arm-elf/lib\libg.a(lib_a-findfp.o)
 .debug_abbrev  0x00002f21      0x200 c:/yagarto/bin/../lib/gcc/arm-elf/4.3.2/../../../../arm-elf/lib\libg.a(lib_a-freer.o)
 .debug_abbrev  0x00003121      0x1ee c:/yagarto/bin/../lib/gcc/arm-elf/4.3.2/../../../../arm-elf/lib\libg.a(lib_a-fwalk.o)
 .debug_abbrev  0x0000330f      0x160 c:/yagarto/bin/../lib/gcc/arm-elf/4.3.2/../../../../arm-elf/lib\libg.a(lib_a-impure.o)
 .debug_abbrev  0x0000346f      0x1f2 c:/yagarto/bin/../lib/gcc/arm-elf/4.3.2/../../../../arm-elf/lib\libg.a(lib_a-reent.o)
 .debug_abbrev  0x00003661      0x1c3 c:/yagarto/bin/../lib/gcc/arm-elf/4.3.2/../../../../arm-elf/lib\libg.a(lib_a-stdio.o)
 .debug_abbrev  0x00003824      0x18d c:/yagarto/bin/../lib/gcc/arm-elf/4.3.2/../../../../arm-elf/lib\libg.a(lib_a-writer.o)
 .debug_abbrev  0x000039b1      0x188 c:/yagarto/bin/../lib/gcc/arm-elf/4.3.2/../../../../arm-elf/lib\libg.a(lib_a-closer.o)
 .debug_abbrev  0x00003b39      0x1b0 c:/yagarto/bin/../lib/gcc/arm-elf/4.3.2/../../../../arm-elf/lib\libg.a(lib_a-fclose.o)
 .debug_abbrev  0x00003ce9      0x1c4 c:/yagarto/bin/../lib/gcc/arm-elf/4.3.2/../../../../arm-elf/lib\libg.a(lib_a-fflush.o)
 .debug_abbrev  0x00003ead      0x197 c:/yagarto/bin/../lib/gcc/arm-elf/4.3.2/../../../../arm-elf/lib\libg.a(lib_a-lseekr.o)
 .debug_abbrev  0x00004044      0x188 c:/yagarto/bin/../lib/gcc/arm-elf/4.3.2/../../../../arm-elf/lib\libg.a(lib_a-readr.o)

.debug_aranges  0x00000000      0xa20
 .debug_aranges
                0x00000000       0x28 obj/flash-bl_board_cstartup-bl.o
 .debug_aranges
                0x00000028       0x40 obj/flash-bl_main.o
 .debug_aranges
                0x00000068       0x58 obj/flash-bl_board_lowlevel.o
 .debug_aranges
                0x000000c0       0x58 obj/flash-bl_pmc.o
 .debug_aranges
                0x00000118       0xb8 obj/flash-bl_fat.o
 .debug_aranges
                0x000001d0       0x30 obj/flash-bl_serial.o
 .debug_aranges
                0x00000200       0x28 obj/flash-bl_spi.o
 .debug_aranges
                0x00000228       0x60 obj/flash-bl_i2c.o
 .debug_aranges
                0x00000288       0x70 obj/flash-bl_sdcard.o
 .debug_aranges
                0x000002f8       0x60 obj/flash-bl_usb_bot.o
 .debug_aranges
                0x00000358       0xb8 obj/flash-bl_usb_drv.o
 .debug_aranges
                0x00000410       0x30 obj/flash-bl_usb_lun.o
 .debug_aranges
                0x00000440       0x68 obj/flash-bl_usb_sbc_func.o
 .debug_aranges
                0x000004a8       0x28 obj/flash-bl_usb_std.o
 .debug_aranges
                0x000004d0       0x28 obj/flash-bl_delay.o
 .debug_aranges
                0x000004f8       0x30 obj/flash-bl_rprintf.o
 .debug_aranges
                0x00000528       0x30 obj/flash-bl_screen.o
 .debug_aranges
                0x00000558       0x38 obj/flash-bl_oled.o
 .debug_aranges
                0x00000590       0x40 obj/flash-bl_font.o
 .debug_aranges
                0x000005d0       0x28 obj/flash-bl_abort.o
 .debug_aranges
                0x000005f8       0x58 obj/flash-bl_interrupt_utils.o
 .debug_aranges
                0x00000650       0x20 obj/flash-bl_usb_irq.o
 .debug_aranges
                0x00000670       0x30 obj/flash-bl_time.o
 .debug_aranges
                0x000006a0       0x20 c:/yagarto/bin/../lib/gcc/arm-elf/4.3.2\libgcc.a(_udivsi3.o)
 .debug_aranges
                0x000006c0       0x20 c:/yagarto/bin/../lib/gcc/arm-elf/4.3.2\libgcc.a(_divsi3.o)
 .debug_aranges
                0x000006e0       0x20 c:/yagarto/bin/../lib/gcc/arm-elf/4.3.2\libgcc.a(_umodsi3.o)
 .debug_aranges
                0x00000700       0x20 c:/yagarto/bin/../lib/gcc/arm-elf/4.3.2\libgcc.a(_dvmd_tls.o)
 .debug_aranges
                0x00000720       0x20 c:/yagarto/bin/../lib/gcc/arm-elf/4.3.2/../../../../arm-elf/lib\libg.a(lib_a-malloc.o)
 .debug_aranges
                0x00000740       0x20 c:/yagarto/bin/../lib/gcc/arm-elf/4.3.2/../../../../arm-elf/lib\libg.a(lib_a-mallocr.o)
 .debug_aranges
                0x00000760       0x20 c:/yagarto/bin/../lib/gcc/arm-elf/4.3.2/../../../../arm-elf/lib\libg.a(lib_a-memcpy.o)
 .debug_aranges
                0x00000780       0x20 c:/yagarto/bin/../lib/gcc/arm-elf/4.3.2/../../../../arm-elf/lib\libg.a(lib_a-memset.o)
 .debug_aranges
                0x000007a0       0x20 c:/yagarto/bin/../lib/gcc/arm-elf/4.3.2/../../../../arm-elf/lib\libg.a(lib_a-mlock.o)
 .debug_aranges
                0x000007c0       0x20 c:/yagarto/bin/../lib/gcc/arm-elf/4.3.2/../../../../arm-elf/lib\libg.a(lib_a-sbrkr.o)
 .debug_aranges
                0x000007e0       0x20 c:/yagarto/bin/../lib/gcc/arm-elf/4.3.2/../../../../arm-elf/lib\libg.a(lib_a-strchr.o)
 .debug_aranges
                0x00000800       0x20 c:/yagarto/bin/../lib/gcc/arm-elf/4.3.2/../../../../arm-elf/lib\libg.a(lib_a-strcmp.o)
 .debug_aranges
                0x00000820       0x20 c:/yagarto/bin/../lib/gcc/arm-elf/4.3.2/../../../../arm-elf/lib\libg.a(lib_a-strcpy.o)
 .debug_aranges
                0x00000840       0x20 c:/yagarto/bin/../lib/gcc/arm-elf/4.3.2/../../../../arm-elf/lib\libg.a(lib_a-strlen.o)
 .debug_aranges
                0x00000860       0x20 c:/yagarto/bin/../lib/gcc/arm-elf/4.3.2/../../../../arm-elf/lib\libg.a(lib_a-strnlen.o)
 .debug_aranges
                0x00000880       0x20 c:/yagarto/bin/../lib/gcc/arm-elf/4.3.2/../../../../arm-elf/lib\libg.a(lib_a-syscalls.o)
 .debug_aranges
                0x000008a0       0x20 c:/yagarto/bin/../lib/gcc/arm-elf/4.3.2/../../../../arm-elf/lib\libg.a(lib_a-errno.o)
 .debug_aranges
                0x000008c0       0x20 c:/yagarto/bin/../lib/gcc/arm-elf/4.3.2/../../../../arm-elf/lib\libg.a(lib_a-findfp.o)
 .debug_aranges
                0x000008e0       0x20 c:/yagarto/bin/../lib/gcc/arm-elf/4.3.2/../../../../arm-elf/lib\libg.a(lib_a-freer.o)
 .debug_aranges
                0x00000900       0x20 c:/yagarto/bin/../lib/gcc/arm-elf/4.3.2/../../../../arm-elf/lib\libg.a(lib_a-fwalk.o)
 .debug_aranges
                0x00000920       0x20 c:/yagarto/bin/../lib/gcc/arm-elf/4.3.2/../../../../arm-elf/lib\libg.a(lib_a-reent.o)
 .debug_aranges
                0x00000940       0x20 c:/yagarto/bin/../lib/gcc/arm-elf/4.3.2/../../../../arm-elf/lib\libg.a(lib_a-stdio.o)
 .debug_aranges
                0x00000960       0x20 c:/yagarto/bin/../lib/gcc/arm-elf/4.3.2/../../../../arm-elf/lib\libg.a(lib_a-writer.o)
 .debug_aranges
                0x00000980       0x20 c:/yagarto/bin/../lib/gcc/arm-elf/4.3.2/../../../../arm-elf/lib\libg.a(lib_a-closer.o)
 .debug_aranges
                0x000009a0       0x20 c:/yagarto/bin/../lib/gcc/arm-elf/4.3.2/../../../../arm-elf/lib\libg.a(lib_a-fclose.o)
 .debug_aranges
                0x000009c0       0x20 c:/yagarto/bin/../lib/gcc/arm-elf/4.3.2/../../../../arm-elf/lib\libg.a(lib_a-fflush.o)
 .debug_aranges
                0x000009e0       0x20 c:/yagarto/bin/../lib/gcc/arm-elf/4.3.2/../../../../arm-elf/lib\libg.a(lib_a-lseekr.o)
 .debug_aranges
                0x00000a00       0x20 c:/yagarto/bin/../lib/gcc/arm-elf/4.3.2/../../../../arm-elf/lib\libg.a(lib_a-readr.o)

.debug_ranges   0x00000000      0x990
 .debug_ranges  0x00000000       0x20 obj/flash-bl_board_cstartup-bl.o
 .debug_ranges  0x00000020       0x38 obj/flash-bl_main.o
 .debug_ranges  0x00000058       0x50 obj/flash-bl_board_lowlevel.o
 .debug_ranges  0x000000a8       0x50 obj/flash-bl_pmc.o
 .debug_ranges  0x000000f8       0xb0 obj/flash-bl_fat.o
 .debug_ranges  0x000001a8       0x28 obj/flash-bl_serial.o
 .debug_ranges  0x000001d0       0x20 obj/flash-bl_spi.o
 .debug_ranges  0x000001f0       0x58 obj/flash-bl_i2c.o
 .debug_ranges  0x00000248       0x68 obj/flash-bl_sdcard.o
 .debug_ranges  0x000002b0       0x58 obj/flash-bl_usb_bot.o
 .debug_ranges  0x00000308       0xb0 obj/flash-bl_usb_drv.o
 .debug_ranges  0x000003b8       0x28 obj/flash-bl_usb_lun.o
 .debug_ranges  0x000003e0       0x60 obj/flash-bl_usb_sbc_func.o
 .debug_ranges  0x00000440       0x20 obj/flash-bl_usb_std.o
 .debug_ranges  0x00000460       0x20 obj/flash-bl_delay.o
 .debug_ranges  0x00000480       0x28 obj/flash-bl_rprintf.o
 .debug_ranges  0x000004a8       0x28 obj/flash-bl_screen.o
 .debug_ranges  0x000004d0       0x30 obj/flash-bl_oled.o
 .debug_ranges  0x00000500       0x38 obj/flash-bl_font.o
 .debug_ranges  0x00000538       0x20 obj/flash-bl_abort.o
 .debug_ranges  0x00000558       0x50 obj/flash-bl_interrupt_utils.o
 .debug_ranges  0x000005a8       0x18 obj/flash-bl_usb_irq.o
 .debug_ranges  0x000005c0       0x28 obj/flash-bl_time.o
 .debug_ranges  0x000005e8       0x58 c:/yagarto/bin/../lib/gcc/arm-elf/4.3.2/../../../../arm-elf/lib\libg.a(lib_a-mallocr.o)
 .debug_ranges  0x00000640      0x258 c:/yagarto/bin/../lib/gcc/arm-elf/4.3.2/../../../../arm-elf/lib\libg.a(lib_a-syscalls.o)
 .debug_ranges  0x00000898       0x80 c:/yagarto/bin/../lib/gcc/arm-elf/4.3.2/../../../../arm-elf/lib\libg.a(lib_a-findfp.o)
 .debug_ranges  0x00000918       0x40 c:/yagarto/bin/../lib/gcc/arm-elf/4.3.2/../../../../arm-elf/lib\libg.a(lib_a-fwalk.o)
 .debug_ranges  0x00000958       0x38 c:/yagarto/bin/../lib/gcc/arm-elf/4.3.2/../../../../arm-elf/lib\libg.a(lib_a-fflush.o)

.debug_frame    0x00000000     0x1c20
 .debug_frame   0x00000000       0xb4 obj/flash-bl_main.o
 .debug_frame   0x000000b4      0x110 obj/flash-bl_board_lowlevel.o
 .debug_frame   0x000001c4      0x110 obj/flash-bl_pmc.o
 .debug_frame   0x000002d4      0x294 obj/flash-bl_fat.o
 .debug_frame   0x00000568       0x70 obj/flash-bl_serial.o
 .debug_frame   0x000005d8       0x50 obj/flash-bl_spi.o
 .debug_frame   0x00000628      0x130 obj/flash-bl_i2c.o
 .debug_frame   0x00000758      0x170 obj/flash-bl_sdcard.o
 .debug_frame   0x000008c8      0x130 obj/flash-bl_usb_bot.o
 .debug_frame   0x000009f8      0x294 obj/flash-bl_usb_drv.o
 .debug_frame   0x00000c8c       0x70 obj/flash-bl_usb_lun.o
 .debug_frame   0x00000cfc      0x150 obj/flash-bl_usb_sbc_func.o
 .debug_frame   0x00000e4c       0x50 obj/flash-bl_usb_std.o
 .debug_frame   0x00000e9c       0x50 obj/flash-bl_delay.o
 .debug_frame   0x00000eec       0x74 obj/flash-bl_rprintf.o
 .debug_frame   0x00000f60       0x70 obj/flash-bl_screen.o
 .debug_frame   0x00000fd0       0x90 obj/flash-bl_oled.o
 .debug_frame   0x00001060       0xb0 obj/flash-bl_font.o
 .debug_frame   0x00001110       0x50 obj/flash-bl_abort.o
 .debug_frame   0x00001160      0x110 obj/flash-bl_interrupt_utils.o
 .debug_frame   0x00001270       0x30 obj/flash-bl_usb_irq.o
 .debug_frame   0x000012a0       0x70 obj/flash-bl_time.o
 .debug_frame   0x00001310       0x28 c:/yagarto/bin/../lib/gcc/arm-elf/4.3.2\libgcc.a(_udivsi3.o)
 .debug_frame   0x00001338       0x28 c:/yagarto/bin/../lib/gcc/arm-elf/4.3.2\libgcc.a(_divsi3.o)
 .debug_frame   0x00001360       0x28 c:/yagarto/bin/../lib/gcc/arm-elf/4.3.2\libgcc.a(_umodsi3.o)
 .debug_frame   0x00001388       0x30 c:/yagarto/bin/../lib/gcc/arm-elf/4.3.2/../../../../arm-elf/lib\libg.a(lib_a-malloc.o)
 .debug_frame   0x000013b8       0x38 c:/yagarto/bin/../lib/gcc/arm-elf/4.3.2/../../../../arm-elf/lib\libg.a(lib_a-mallocr.o)
 .debug_frame   0x000013f0       0x2c c:/yagarto/bin/../lib/gcc/arm-elf/4.3.2/../../../../arm-elf/lib\libg.a(lib_a-memcpy.o)
 .debug_frame   0x0000141c       0x28 c:/yagarto/bin/../lib/gcc/arm-elf/4.3.2/../../../../arm-elf/lib\libg.a(lib_a-memset.o)
 .debug_frame   0x00001444       0x30 c:/yagarto/bin/../lib/gcc/arm-elf/4.3.2/../../../../arm-elf/lib\libg.a(lib_a-mlock.o)
 .debug_frame   0x00001474       0x2c c:/yagarto/bin/../lib/gcc/arm-elf/4.3.2/../../../../arm-elf/lib\libg.a(lib_a-sbrkr.o)
 .debug_frame   0x000014a0       0x28 c:/yagarto/bin/../lib/gcc/arm-elf/4.3.2/../../../../arm-elf/lib\libg.a(lib_a-strchr.o)
 .debug_frame   0x000014c8       0x20 c:/yagarto/bin/../lib/gcc/arm-elf/4.3.2/../../../../arm-elf/lib\libg.a(lib_a-strcmp.o)
 .debug_frame   0x000014e8       0x28 c:/yagarto/bin/../lib/gcc/arm-elf/4.3.2/../../../../arm-elf/lib\libg.a(lib_a-strcpy.o)
 .debug_frame   0x00001510       0x20 c:/yagarto/bin/../lib/gcc/arm-elf/4.3.2/../../../../arm-elf/lib\libg.a(lib_a-strlen.o)
 .debug_frame   0x00001530       0x20 c:/yagarto/bin/../lib/gcc/arm-elf/4.3.2/../../../../arm-elf/lib\libg.a(lib_a-strnlen.o)
 .debug_frame   0x00001550      0x2f8 c:/yagarto/bin/../lib/gcc/arm-elf/4.3.2/../../../../arm-elf/lib\libg.a(lib_a-syscalls.o)
 .debug_frame   0x00001848       0x20 c:/yagarto/bin/../lib/gcc/arm-elf/4.3.2/../../../../arm-elf/lib\libg.a(lib_a-errno.o)
 .debug_frame   0x00001868      0x10c c:/yagarto/bin/../lib/gcc/arm-elf/4.3.2/../../../../arm-elf/lib\libg.a(lib_a-findfp.o)
 .debug_frame   0x00001974       0x50 c:/yagarto/bin/../lib/gcc/arm-elf/4.3.2/../../../../arm-elf/lib\libg.a(lib_a-freer.o)
 .debug_frame   0x000019c4       0x58 c:/yagarto/bin/../lib/gcc/arm-elf/4.3.2/../../../../arm-elf/lib\libg.a(lib_a-fwalk.o)
 .debug_frame   0x00001a1c       0x68 c:/yagarto/bin/../lib/gcc/arm-elf/4.3.2/../../../../arm-elf/lib\libg.a(lib_a-reent.o)
 .debug_frame   0x00001a84       0x70 c:/yagarto/bin/../lib/gcc/arm-elf/4.3.2/../../../../arm-elf/lib\libg.a(lib_a-stdio.o)
 .debug_frame   0x00001af4       0x2c c:/yagarto/bin/../lib/gcc/arm-elf/4.3.2/../../../../arm-elf/lib\libg.a(lib_a-writer.o)
 .debug_frame   0x00001b20       0x2c c:/yagarto/bin/../lib/gcc/arm-elf/4.3.2/../../../../arm-elf/lib\libg.a(lib_a-closer.o)
 .debug_frame   0x00001b4c       0x3c c:/yagarto/bin/../lib/gcc/arm-elf/4.3.2/../../../../arm-elf/lib\libg.a(lib_a-fclose.o)
 .debug_frame   0x00001b88       0x40 c:/yagarto/bin/../lib/gcc/arm-elf/4.3.2/../../../../arm-elf/lib\libg.a(lib_a-fflush.o)
 .debug_frame   0x00001bc8       0x2c c:/yagarto/bin/../lib/gcc/arm-elf/4.3.2/../../../../arm-elf/lib\libg.a(lib_a-lseekr.o)
 .debug_frame   0x00001bf4       0x2c c:/yagarto/bin/../lib/gcc/arm-elf/4.3.2/../../../../arm-elf/lib\libg.a(lib_a-readr.o)

.debug_loc      0x00000000     0x3a62
 .debug_loc     0x00000000       0xd2 obj/flash-bl_main.o
 .debug_loc     0x000000d2      0x150 obj/flash-bl_board_lowlevel.o
 .debug_loc     0x00000222      0x150 obj/flash-bl_pmc.o
 .debug_loc     0x00000372      0x348 obj/flash-bl_fat.o
 .debug_loc     0x000006ba       0x7e obj/flash-bl_serial.o
 .debug_loc     0x00000738       0x54 obj/flash-bl_spi.o
 .debug_loc     0x0000078c      0x17a obj/flash-bl_i2c.o
 .debug_loc     0x00000906      0x1ce obj/flash-bl_sdcard.o
 .debug_loc     0x00000ad4      0x17a obj/flash-bl_usb_bot.o
 .debug_loc     0x00000c4e      0x348 obj/flash-bl_usb_drv.o
 .debug_loc     0x00000f96       0x7e obj/flash-bl_usb_lun.o
 .debug_loc     0x00001014      0x1a4 obj/flash-bl_usb_sbc_func.o
 .debug_loc     0x000011b8       0x54 obj/flash-bl_usb_std.o
 .debug_loc     0x0000120c       0x54 obj/flash-bl_delay.o
 .debug_loc     0x00001260       0x7e obj/flash-bl_rprintf.o
 .debug_loc     0x000012de       0x7e obj/flash-bl_screen.o
 .debug_loc     0x0000135c       0xa8 obj/flash-bl_oled.o
 .debug_loc     0x00001404       0xd2 obj/flash-bl_font.o
 .debug_loc     0x000014d6       0x54 obj/flash-bl_abort.o
 .debug_loc     0x0000152a      0x150 obj/flash-bl_interrupt_utils.o
 .debug_loc     0x0000167a       0x2a obj/flash-bl_usb_irq.o
 .debug_loc     0x000016a4       0x7e obj/flash-bl_time.o
 .debug_loc     0x00001722       0x3c c:/yagarto/bin/../lib/gcc/arm-elf/4.3.2/../../../../arm-elf/lib\libg.a(lib_a-malloc.o)
 .debug_loc     0x0000175e      0x75d c:/yagarto/bin/../lib/gcc/arm-elf/4.3.2/../../../../arm-elf/lib\libg.a(lib_a-mallocr.o)
 .debug_loc     0x00001ebb      0x130 c:/yagarto/bin/../lib/gcc/arm-elf/4.3.2/../../../../arm-elf/lib\libg.a(lib_a-memcpy.o)
 .debug_loc     0x00001feb      0x12b c:/yagarto/bin/../lib/gcc/arm-elf/4.3.2/../../../../arm-elf/lib\libg.a(lib_a-memset.o)
 .debug_loc     0x00002116       0x63 c:/yagarto/bin/../lib/gcc/arm-elf/4.3.2/../../../../arm-elf/lib\libg.a(lib_a-sbrkr.o)
 .debug_loc     0x00002179       0xd3 c:/yagarto/bin/../lib/gcc/arm-elf/4.3.2/../../../../arm-elf/lib\libg.a(lib_a-strchr.o)
 .debug_loc     0x0000224c       0xba c:/yagarto/bin/../lib/gcc/arm-elf/4.3.2/../../../../arm-elf/lib\libg.a(lib_a-strcmp.o)
 .debug_loc     0x00002306       0xaa c:/yagarto/bin/../lib/gcc/arm-elf/4.3.2/../../../../arm-elf/lib\libg.a(lib_a-strcpy.o)
 .debug_loc     0x000023b0       0x47 c:/yagarto/bin/../lib/gcc/arm-elf/4.3.2/../../../../arm-elf/lib\libg.a(lib_a-strlen.o)
 .debug_loc     0x000023f7       0x4a c:/yagarto/bin/../lib/gcc/arm-elf/4.3.2/../../../../arm-elf/lib\libg.a(lib_a-strnlen.o)
 .debug_loc     0x00002441      0x9f0 c:/yagarto/bin/../lib/gcc/arm-elf/4.3.2/../../../../arm-elf/lib\libg.a(lib_a-syscalls.o)
 .debug_loc     0x00002e31      0x1a7 c:/yagarto/bin/../lib/gcc/arm-elf/4.3.2/../../../../arm-elf/lib\libg.a(lib_a-findfp.o)
 .debug_loc     0x00002fd8      0x2ab c:/yagarto/bin/../lib/gcc/arm-elf/4.3.2/../../../../arm-elf/lib\libg.a(lib_a-freer.o)
 .debug_loc     0x00003283       0xc1 c:/yagarto/bin/../lib/gcc/arm-elf/4.3.2/../../../../arm-elf/lib\libg.a(lib_a-fwalk.o)
 .debug_loc     0x00003344      0x187 c:/yagarto/bin/../lib/gcc/arm-elf/4.3.2/../../../../arm-elf/lib\libg.a(lib_a-reent.o)
 .debug_loc     0x000034cb      0x1cf c:/yagarto/bin/../lib/gcc/arm-elf/4.3.2/../../../../arm-elf/lib\libg.a(lib_a-stdio.o)
 .debug_loc     0x0000369a       0x89 c:/yagarto/bin/../lib/gcc/arm-elf/4.3.2/../../../../arm-elf/lib\libg.a(lib_a-writer.o)
 .debug_loc     0x00003723       0x63 c:/yagarto/bin/../lib/gcc/arm-elf/4.3.2/../../../../arm-elf/lib\libg.a(lib_a-closer.o)
 .debug_loc     0x00003786       0x79 c:/yagarto/bin/../lib/gcc/arm-elf/4.3.2/../../../../arm-elf/lib\libg.a(lib_a-fclose.o)
 .debug_loc     0x000037ff      0x151 c:/yagarto/bin/../lib/gcc/arm-elf/4.3.2/../../../../arm-elf/lib\libg.a(lib_a-fflush.o)
 .debug_loc     0x00003950       0x89 c:/yagarto/bin/../lib/gcc/arm-elf/4.3.2/../../../../arm-elf/lib\libg.a(lib_a-lseekr.o)
 .debug_loc     0x000039d9       0x89 c:/yagarto/bin/../lib/gcc/arm-elf/4.3.2/../../../../arm-elf/lib\libg.a(lib_a-readr.o)

.debug_pubnames
                0x00000000     0x14dd
 .debug_pubnames
                0x00000000       0xaf obj/flash-bl_main.o
 .debug_pubnames
                0x000000af       0xa4 obj/flash-bl_board_lowlevel.o
 .debug_pubnames
                0x00000153       0xf0 obj/flash-bl_pmc.o
 .debug_pubnames
                0x00000243      0x1f1 obj/flash-bl_fat.o
 .debug_pubnames
                0x00000434       0x6d obj/flash-bl_serial.o
 .debug_pubnames
                0x000004a1       0x42 obj/flash-bl_spi.o
 .debug_pubnames
                0x000004e3       0xe7 obj/flash-bl_i2c.o
 .debug_pubnames
                0x000005ca      0x10c obj/flash-bl_sdcard.o
 .debug_pubnames
                0x000006d6       0x84 obj/flash-bl_usb_bot.o
 .debug_pubnames
                0x0000075a      0x1f6 obj/flash-bl_usb_drv.o
 .debug_pubnames
                0x00000950       0xc7 obj/flash-bl_usb_dsc.o
 .debug_pubnames
                0x00000a17       0x43 obj/flash-bl_usb_lun.o
 .debug_pubnames
                0x00000a5a       0x64 obj/flash-bl_usb_sbc_func.o
 .debug_pubnames
                0x00000abe       0x2a obj/flash-bl_usb_std.o
 .debug_pubnames
                0x00000ae8       0x28 obj/flash-bl_delay.o
 .debug_pubnames
                0x00000b10       0x4a obj/flash-bl_rprintf.o
 .debug_pubnames
                0x00000b5a       0x8f obj/flash-bl_screen.o
 .debug_pubnames
                0x00000be9       0x53 obj/flash-bl_oled.o
 .debug_pubnames
                0x00000c3c       0xe9 obj/flash-bl_font.o
 .debug_pubnames
                0x00000d25       0x3a obj/flash-bl_abort.o
 .debug_pubnames
                0x00000d5f       0x6a obj/flash-bl_interrupt_utils.o
 .debug_pubnames
                0x00000dc9       0x26 obj/flash-bl_usb_irq.o
 .debug_pubnames
                0x00000def       0x5a obj/flash-bl_time.o
 .debug_pubnames
                0x00000e49       0x2e c:/yagarto/bin/../lib/gcc/arm-elf/4.3.2/../../../../arm-elf/lib\libg.a(lib_a-ctype_.o)
 .debug_pubnames
                0x00000e77       0x26 c:/yagarto/bin/../lib/gcc/arm-elf/4.3.2/../../../../arm-elf/lib\libg.a(lib_a-malloc.o)
 .debug_pubnames
                0x00000e9d       0xce c:/yagarto/bin/../lib/gcc/arm-elf/4.3.2/../../../../arm-elf/lib\libg.a(lib_a-mallocr.o)
 .debug_pubnames
                0x00000f6b       0x1d c:/yagarto/bin/../lib/gcc/arm-elf/4.3.2/../../../../arm-elf/lib\libg.a(lib_a-memcpy.o)
 .debug_pubnames
                0x00000f88       0x1d c:/yagarto/bin/../lib/gcc/arm-elf/4.3.2/../../../../arm-elf/lib\libg.a(lib_a-memset.o)
 .debug_pubnames
                0x00000fa5       0x38 c:/yagarto/bin/../lib/gcc/arm-elf/4.3.2/../../../../arm-elf/lib\libg.a(lib_a-mlock.o)
 .debug_pubnames
                0x00000fdd       0x1e c:/yagarto/bin/../lib/gcc/arm-elf/4.3.2/../../../../arm-elf/lib\libg.a(lib_a-sbrkr.o)
 .debug_pubnames
                0x00000ffb       0x1d c:/yagarto/bin/../lib/gcc/arm-elf/4.3.2/../../../../arm-elf/lib\libg.a(lib_a-strchr.o)
 .debug_pubnames
                0x00001018       0x1d c:/yagarto/bin/../lib/gcc/arm-elf/4.3.2/../../../../arm-elf/lib\libg.a(lib_a-strcmp.o)
 .debug_pubnames
                0x00001035       0x1d c:/yagarto/bin/../lib/gcc/arm-elf/4.3.2/../../../../arm-elf/lib\libg.a(lib_a-strcpy.o)
 .debug_pubnames
                0x00001052       0x1d c:/yagarto/bin/../lib/gcc/arm-elf/4.3.2/../../../../arm-elf/lib\libg.a(lib_a-strlen.o)
 .debug_pubnames
                0x0000106f       0x1e c:/yagarto/bin/../lib/gcc/arm-elf/4.3.2/../../../../arm-elf/lib\libg.a(lib_a-strnlen.o)
 .debug_pubnames
                0x0000108d      0x158 c:/yagarto/bin/../lib/gcc/arm-elf/4.3.2/../../../../arm-elf/lib\libg.a(lib_a-syscalls.o)
 .debug_pubnames
                0x000011e5       0x1e c:/yagarto/bin/../lib/gcc/arm-elf/4.3.2/../../../../arm-elf/lib\libg.a(lib_a-errno.o)
 .debug_pubnames
                0x00001203       0xdb c:/yagarto/bin/../lib/gcc/arm-elf/4.3.2/../../../../arm-elf/lib\libg.a(lib_a-findfp.o)
 .debug_pubnames
                0x000012de       0x31 c:/yagarto/bin/../lib/gcc/arm-elf/4.3.2/../../../../arm-elf/lib\libg.a(lib_a-freer.o)
 .debug_pubnames
                0x0000130f       0x2e c:/yagarto/bin/../lib/gcc/arm-elf/4.3.2/../../../../arm-elf/lib\libg.a(lib_a-fwalk.o)
 .debug_pubnames
                0x0000133d       0x39 c:/yagarto/bin/../lib/gcc/arm-elf/4.3.2/../../../../arm-elf/lib\libg.a(lib_a-impure.o)
 .debug_pubnames
                0x00001376       0x52 c:/yagarto/bin/../lib/gcc/arm-elf/4.3.2/../../../../arm-elf/lib\libg.a(lib_a-reent.o)
 .debug_pubnames
                0x000013c8       0x44 c:/yagarto/bin/../lib/gcc/arm-elf/4.3.2/../../../../arm-elf/lib\libg.a(lib_a-stdio.o)
 .debug_pubnames
                0x0000140c       0x1f c:/yagarto/bin/../lib/gcc/arm-elf/4.3.2/../../../../arm-elf/lib\libg.a(lib_a-writer.o)
 .debug_pubnames
                0x0000142b       0x1f c:/yagarto/bin/../lib/gcc/arm-elf/4.3.2/../../../../arm-elf/lib\libg.a(lib_a-closer.o)
 .debug_pubnames
                0x0000144a       0x2b c:/yagarto/bin/../lib/gcc/arm-elf/4.3.2/../../../../arm-elf/lib\libg.a(lib_a-fclose.o)
 .debug_pubnames
                0x00001475       0x2b c:/yagarto/bin/../lib/gcc/arm-elf/4.3.2/../../../../arm-elf/lib\libg.a(lib_a-fflush.o)
 .debug_pubnames
                0x000014a0       0x1f c:/yagarto/bin/../lib/gcc/arm-elf/4.3.2/../../../../arm-elf/lib\libg.a(lib_a-lseekr.o)
 .debug_pubnames
                0x000014bf       0x1e c:/yagarto/bin/../lib/gcc/arm-elf/4.3.2/../../../../arm-elf/lib\libg.a(lib_a-readr.o)

.debug_str      0x00000000     0x3aa2
 .debug_str     0x00000000      0x641 obj/flash-bl_main.o
                                0x6b6 (size before relaxing)
 .debug_str     0x00000641      0x1db obj/flash-bl_board_lowlevel.o
                                0x4d5 (size before relaxing)
 .debug_str     0x0000081c       0xce obj/flash-bl_pmc.o
                                0x256 (size before relaxing)
 .debug_str     0x000008ea      0x6a1 obj/flash-bl_fat.o
                                0x7d2 (size before relaxing)
 .debug_str     0x00000f8b      0x145 obj/flash-bl_serial.o
                                0x34d (size before relaxing)
 .debug_str     0x000010d0       0xe6 obj/flash-bl_spi.o
                                0x3a0 (size before relaxing)
 .debug_str     0x000011b6      0x1c2 obj/flash-bl_i2c.o
                                0x2ab (size before relaxing)
 .debug_str     0x00001378      0x13d obj/flash-bl_sdcard.o
                                0x367 (size before relaxing)
 .debug_str     0x000014b5      0x628 obj/flash-bl_usb_bot.o
                                0x6ed (size before relaxing)
 .debug_str     0x00001add      0x27d obj/flash-bl_usb_drv.o
                                0x74b (size before relaxing)
 .debug_str     0x00001d5a      0x36c obj/flash-bl_usb_dsc.o
                                0x435 (size before relaxing)
 .debug_str     0x000020c6       0x65 obj/flash-bl_usb_lun.o
                                0x4f5 (size before relaxing)
 .debug_str     0x0000212b      0x30a obj/flash-bl_usb_sbc_func.o
                                0x8ec (size before relaxing)
 .debug_str     0x00002435       0x41 obj/flash-bl_usb_std.o
                                0x34e (size before relaxing)
 .debug_str     0x00002476       0x1f obj/flash-bl_delay.o
                                 0xdd (size before relaxing)
 .debug_str     0x00002495       0x96 obj/flash-bl_rprintf.o
                                0x17b (size before relaxing)
 .debug_str     0x0000252b       0xec obj/flash-bl_screen.o
                                0x1dd (size before relaxing)
 .debug_str     0x00002617       0x67 obj/flash-bl_oled.o
                                0x3a4 (size before relaxing)
 .debug_str     0x0000267e       0xc6 obj/flash-bl_font.o
                                0x1c3 (size before relaxing)
 .debug_str     0x00002744       0x39 obj/flash-bl_abort.o
                                 0xee (size before relaxing)
 .debug_str     0x0000277d       0x80 obj/flash-bl_interrupt_utils.o
                                 0xd6 (size before relaxing)
 .debug_str     0x000027fd       0xa1 obj/flash-bl_usb_irq.o
                                0x2bf (size before relaxing)
 .debug_str     0x0000289e       0x3a obj/flash-bl_time.o
                                0x358 (size before relaxing)
 .debug_str     0x000028d8       0x80 c:/yagarto/bin/../lib/gcc/arm-elf/4.3.2/../../../../arm-elf/lib\libg.a(lib_a-ctype_.o)
                                 0x9d (size before relaxing)
 .debug_str     0x00002958      0x39f c:/yagarto/bin/../lib/gcc/arm-elf/4.3.2/../../../../arm-elf/lib\libg.a(lib_a-malloc.o)
                                0x4cf (size before relaxing)
 .debug_str     0x00002cf7      0x200 c:/yagarto/bin/../lib/gcc/arm-elf/4.3.2/../../../../arm-elf/lib\libg.a(lib_a-mallocr.o)
                                0x6a4 (size before relaxing)
 .debug_str     0x00002ef7       0xa8 c:/yagarto/bin/../lib/gcc/arm-elf/4.3.2/../../../../arm-elf/lib\libg.a(lib_a-memcpy.o)
                                 0xdb (size before relaxing)
 .debug_str     0x00002f9f       0x4d c:/yagarto/bin/../lib/gcc/arm-elf/4.3.2/../../../../arm-elf/lib\libg.a(lib_a-memset.o)
                                0x131 (size before relaxing)
 .debug_str     0x00002fec       0x6b c:/yagarto/bin/../lib/gcc/arm-elf/4.3.2/../../../../arm-elf/lib\libg.a(lib_a-mlock.o)
                                0x4d6 (size before relaxing)
 .debug_str     0x00003057       0x8e c:/yagarto/bin/../lib/gcc/arm-elf/4.3.2/../../../../arm-elf/lib\libg.a(lib_a-sbrkr.o)
                                0x4be (size before relaxing)
 .debug_str     0x000030e5       0x40 c:/yagarto/bin/../lib/gcc/arm-elf/4.3.2/../../../../arm-elf/lib\libg.a(lib_a-strchr.o)
                                0x128 (size before relaxing)
 .debug_str     0x00003125       0x40 c:/yagarto/bin/../lib/gcc/arm-elf/4.3.2/../../../../arm-elf/lib\libg.a(lib_a-strcmp.o)
                                0x116 (size before relaxing)
 .debug_str     0x00003165       0x40 c:/yagarto/bin/../lib/gcc/arm-elf/4.3.2/../../../../arm-elf/lib\libg.a(lib_a-strcpy.o)
                                0x138 (size before relaxing)
 .debug_str     0x000031a5       0x46 c:/yagarto/bin/../lib/gcc/arm-elf/4.3.2/../../../../arm-elf/lib\libg.a(lib_a-strlen.o)
                                0x130 (size before relaxing)
 .debug_str     0x000031eb       0x42 c:/yagarto/bin/../lib/gcc/arm-elf/4.3.2/../../../../arm-elf/lib\libg.a(lib_a-strnlen.o)
                                0x125 (size before relaxing)
 .debug_str     0x0000322d      0x34d c:/yagarto/bin/../lib/gcc/arm-elf/4.3.2/../../../../arm-elf/lib\libg.a(lib_a-syscalls.o)
                                0x7f2 (size before relaxing)
 .debug_str     0x0000357a       0x7f c:/yagarto/bin/../lib/gcc/arm-elf/4.3.2/../../../../arm-elf/lib\libg.a(lib_a-errno.o)
                                0x4b5 (size before relaxing)
 .debug_str     0x000035f9      0x153 c:/yagarto/bin/../lib/gcc/arm-elf/4.3.2/../../../../arm-elf/lib\libg.a(lib_a-findfp.o)
                                0x5a7 (size before relaxing)
 .debug_str     0x0000374c       0x3c c:/yagarto/bin/../lib/gcc/arm-elf/4.3.2/../../../../arm-elf/lib\libg.a(lib_a-freer.o)
                                0x5f6 (size before relaxing)
 .debug_str     0x00003788       0x5c c:/yagarto/bin/../lib/gcc/arm-elf/4.3.2/../../../../arm-elf/lib\libg.a(lib_a-fwalk.o)
                                0x4e8 (size before relaxing)
 .debug_str     0x000037e4       0x44 c:/yagarto/bin/../lib/gcc/arm-elf/4.3.2/../../../../arm-elf/lib\libg.a(lib_a-impure.o)
                                0x4cd (size before relaxing)
 .debug_str     0x00003828       0x71 c:/yagarto/bin/../lib/gcc/arm-elf/4.3.2/../../../../arm-elf/lib\libg.a(lib_a-reent.o)
                                0x4f2 (size before relaxing)
 .debug_str     0x00003899       0x60 c:/yagarto/bin/../lib/gcc/arm-elf/4.3.2/../../../../arm-elf/lib\libg.a(lib_a-stdio.o)
                                0x4e4 (size before relaxing)
 .debug_str     0x000038f9       0x4a c:/yagarto/bin/../lib/gcc/arm-elf/4.3.2/../../../../arm-elf/lib\libg.a(lib_a-writer.o)
                                0x4c1 (size before relaxing)
 .debug_str     0x00003943       0x41 c:/yagarto/bin/../lib/gcc/arm-elf/4.3.2/../../../../arm-elf/lib\libg.a(lib_a-closer.o)
                                0x4b1 (size before relaxing)